{
    "success": true,
    "count": 6,
    "message": "6 record(s) found",
    "sql": "\n    SELECT in_kommission_liste.*\n    FROM v_in_kommission_liste in_kommission_liste\n    WHERE 1  LIMIT 10 ;",
    "source": "in_kommission_liste",
    "data": [
        {
            "abkuerzung": "",
            "name": "St\u00e4ndige Subkommission f\u00fcr Europafragen der Aussenpolitischen Kommission des Nationalrates",
            "typ": "kommission",
            "art": null,
            "beschreibung": null,
            "sachbereiche": "",
            "mutter_kommission_id": null,
            "parlament_url": null,
            "id": 2645,
            "parlamentarier_id": 161,
            "kommission_id": 66,
            "funktion": "vizepraesident",
            "parlament_committee_function": 6,
            "parlament_committee_function_name": "Vizepr\u00e4sident\/in",
            "von": "2024-07-19",
            "bis": null,
            "freigabe_datum": "2024-07-19 00:00:00",
            "in_kommission_parlamentarier_kommission_funktion_unique": "161_66_vizepraesident_9999-12-31",
            "aktiv": 1,
            "published": 1,
            "bis_unix": null,
            "von_unix": 1721340000,
            "freigabe_datum_unix": 1721340000
        },
        {
            "abkuerzung": "",
            "name": "St\u00e4ndige Subkommission f\u00fcr Europafragen der Aussenpolitischen Kommission des Nationalrates",
            "typ": "kommission",
            "art": null,
            "beschreibung": null,
            "sachbereiche": "",
            "mutter_kommission_id": null,
            "parlament_url": null,
            "id": 2646,
            "parlamentarier_id": 188,
            "kommission_id": 66,
            "funktion": "praesident",
            "parlament_committee_function": 2,
            "parlament_committee_function_name": "Pr\u00e4sident\/in",
            "von": "2024-07-19",
            "bis": null,
            "freigabe_datum": "2024-07-19 00:00:00",
            "in_kommission_parlamentarier_kommission_funktion_unique": "188_66_praesident_9999-12-31",
            "aktiv": 1,
            "published": 1,
            "bis_unix": null,
            "von_unix": 1721340000,
            "freigabe_datum_unix": 1721340000
        },
        {
            "abkuerzung": "",
            "name": "St\u00e4ndige Subkommission f\u00fcr Europafragen der Aussenpolitischen Kommission des Nationalrates",
            "typ": "kommission",
            "art": null,
            "beschreibung": null,
            "sachbereiche": "",
            "mutter_kommission_id": null,
            "parlament_url": null,
            "id": 2643,
            "parlamentarier_id": 285,
            "kommission_id": 66,
            "funktion": "mitglied",
            "parlament_committee_function": 1,
            "parlament_committee_function_name": "Mitglied",
            "von": "2024-07-19",
            "bis": null,
            "freigabe_datum": "2024-07-19 00:00:00",
            "in_kommission_parlamentarier_kommission_funktion_unique": "285_66_mitglied_9999-12-31",
            "aktiv": 1,
            "published": 1,
            "bis_unix": null,
            "von_unix": 1721340000,
            "freigabe_datum_unix": 1721340000
        },
        {
            "abkuerzung": "",
            "name": "St\u00e4ndige Subkommission f\u00fcr Europafragen der Aussenpolitischen Kommission des Nationalrates",
            "typ": "kommission",
            "art": null,
            "beschreibung": null,
            "sachbereiche": "",
            "mutter_kommission_id": null,
            "parlament_url": null,
            "id": 2642,
            "parlamentarier_id": 348,
            "kommission_id": 66,
            "funktion": "mitglied",
            "parlament_committee_function": 1,
            "parlament_committee_function_name": "Mitglied",
            "von": "2024-07-19",
            "bis": null,
            "freigabe_datum": "2024-07-19 00:00:00",
            "in_kommission_parlamentarier_kommission_funktion_unique": "348_66_mitglied_9999-12-31",
            "aktiv": 1,
            "published": 1,
            "bis_unix": null,
            "von_unix": 1721340000,
            "freigabe_datum_unix": 1721340000
        },
        {
            "abkuerzung": "",
            "name": "St\u00e4ndige Subkommission f\u00fcr Europafragen der Aussenpolitischen Kommission des Nationalrates",
            "typ": "kommission",
            "art": null,
            "beschreibung": null,
            "sachbereiche": "",
            "mutter_kommission_id": null,
            "parlament_url": null,
            "id": 2647,
            "parlamentarier_id": 422,
            "kommission_id": 66,
            "funktion": "mitglied",
            "parlament_committee_function": 1,
            "parlament_committee_function_name": "Mitglied",
            "von": "2024-07-19",
            "bis": null,
            "freigabe_datum": "2024-07-19 00:00:00",
            "in_kommission_parlamentarier_kommission_funktion_unique": "422_66_mitglied_9999-12-31",
            "aktiv": 1,
            "published": 1,
            "bis_unix": null,
            "von_unix": 1721340000,
            "freigabe_datum_unix": 1721340000
        },
        {
            "abkuerzung": "",
            "name": "St\u00e4ndige Subkommission f\u00fcr Europafragen der Aussenpolitischen Kommission des Nationalrates",
            "typ": "kommission",
            "art": null,
            "beschreibung": null,
            "sachbereiche": "",
            "mutter_kommission_id": null,
            "parlament_url": null,
            "id": 2644,
            "parlamentarier_id": 442,
            "kommission_id": 66,
            "funktion": "mitglied",
            "parlament_committee_function": 1,
            "parlament_committee_function_name": "Mitglied",
            "von": "2024-07-19",
            "bis": null,
            "freigabe_datum": "2024-07-19 00:00:00",
            "in_kommission_parlamentarier_kommission_funktion_unique": "442_66_mitglied_9999-12-31",
            "aktiv": 1,
            "published": 1,
            "bis_unix": null,
            "von_unix": 1721340000,
            "freigabe_datum_unix": 1721340000
        }
    ]
}