{
    "success": true,
    "count": 0,
    "message": "0 record(s) found",
    "sql": " |  | \n    SELECT in_kommission_liste.*\n    \n    FROM v_in_kommission_liste in_kommission_liste\n    \n    WHERE in_kommission_liste.parlamentarier_id = 6   LIMIT 10 ; | \n    SELECT interessenbindung_liste.*\n    \n    FROM v_interessenbindung_liste interessenbindung_liste\n    \n    WHERE interessenbindung_liste.parlamentarier_id = 6   LIMIT 10 ;",
    "source": "parlamentarier",
    "data": {
        "anzeige_name": "de Courten, Thomas",
        "name": "Thomas Jan de Courten",
        "id": 6,
        "nachname": "de Courten",
        "vorname": "Thomas",
        "vorname_kurz": null,
        "zweiter_vorname": "Jan",
        "buergerorte": "Sierre;Geschinen",
        "rat_id": 1,
        "kanton_id": 13,
        "kommissionen": "GPK-N, IK-NR, SGK-NR",
        "partei_id": 5,
        "parteifunktion": "mitglied",
        "fraktion_id": 5,
        "fraktionsfunktion": "mitglied",
        "im_rat_seit": "2011-12-05",
        "im_rat_bis": null,
        "ratswechsel": null,
        "ratsunterbruch_von": null,
        "ratsunterbruch_bis": null,
        "beruf": "Selbst\u00e4ndiger Unternehmer",
        "beruf_interessengruppe_id": 23,
        "titel": "Nationalrat",
        "aemter": "Legislative des Kantons: von M\u00e4rz 2003 bis Dezember 2011; Pr\u00e4sident Volkswirtschaftskommission und Gesundheitskommission des Landrates Basel-Landschaft; Parteivorstand SVP Schweiz; Parteileitung SVP Baselland; Vizepr\u00e4sident SVP Gelterkinden und Umgebung",
        "weitere_aemter": "Parteivorstand SVP Schweiz; Parteileitung SVP Baselland; Vizepr\u00e4sident SVP Gelterkinden und Umgebung",
        "zivilstand": "verheiratet",
        "anzahl_kinder": 3,
        "militaerischer_grad_id": 16,
        "geschlecht": "M",
        "geburtstag": "1966-07-29",
        "photo_dateiname": null,
        "photo_dateierweiterung": null,
        "photo_dateiname_voll": null,
        "photo_mime_type": null,
        "kleinbild": "2757.jpg",
        "sitzplatz": 54,
        "email": "Thomas.Decourten@parl.ch",
        "email_2": "thomas.decourten@parl.ch",
        "homepage": "https:\/\/www.decourten.info",
        "homepage_2": null,
        "parlament_biografie_id": 4051,
        "parlament_number": 2757,
        "parlament_beruf_json": [
            {
                "bis": null,
                "von": "2011-12-05",
                "lang": "de",
                "beruf": "Unternehmer\/in",
                "jobtitel": null,
                "arbeitgeber": null
            }
        ],
        "parlament_interessenbindungen_json": [
            {
                "Name": "Autobus AG Liestal (AAGL), Liestal",
                "Gremium": "VR",
                "Funktion": "VP",
                "Bezahlung": 1,
                "Rechtsform": "AG",
                "GremiumLong": "Verwaltungsrat",
                "FunktionLong": "Vizepr\u00e4sident(in)",
                "RechtsformLong": "Aktiengesellschaft"
            },
            {
                "Name": "politcom, Agentur f\u00fcr politische Kommunikation und Public Affairs, R\u00fcnenberg",
                "Gremium": "GL",
                "Funktion": "Gf.",
                "Bezahlung": 1,
                "Rechtsform": "EG",
                "GremiumLong": "Gesch\u00e4ftsleitung",
                "FunktionLong": "Gesch\u00e4ftsf\u00fchrer(in)",
                "RechtsformLong": "Einfache Gesellschaft"
            },
            {
                "Name": "IG biomedizinische Forschung und Innovation",
                "Gremium": "-",
                "Funktion": "M",
                "Bezahlung": 1,
                "Rechtsform": "EG",
                "GremiumLong": "Keine Angaben",
                "FunktionLong": "Mitglied",
                "RechtsformLong": "Einfache Gesellschaft"
            },
            {
                "Name": "Raiffeisenbank Liestal-Oberbaselbiet, Liestal-Sissach-Gelterkinden",
                "Gremium": "VR",
                "Funktion": "VP",
                "Bezahlung": 1,
                "Rechtsform": "Gen.",
                "GremiumLong": "Verwaltungsrat",
                "FunktionLong": "Vizepr\u00e4sident(in)",
                "RechtsformLong": "Genossenschaft"
            },
            {
                "Name": "Elektra Baselland (EBL), Liestal",
                "Gremium": "VR",
                "Funktion": "VP",
                "Bezahlung": 1,
                "Rechtsform": "Gen.",
                "GremiumLong": "Verwaltungsrat",
                "FunktionLong": "Vizepr\u00e4sident(in)",
                "RechtsformLong": "Genossenschaft"
            },
            {
                "Name": "ASGA Pensionskasse",
                "Gremium": "VR",
                "Funktion": "M",
                "Bezahlung": 1,
                "Rechtsform": "Gen.",
                "GremiumLong": "Verwaltungsrat",
                "FunktionLong": "Mitglied",
                "RechtsformLong": "Genossenschaft"
            },
            {
                "Name": "Salex GmbH, R\u00fcnenberg",
                "Gremium": "GL",
                "Funktion": "Gs.",
                "Bezahlung": 1,
                "Rechtsform": "GmbH",
                "GremiumLong": "Gesch\u00e4ftsleitung",
                "FunktionLong": "Gesellschafter(in)",
                "RechtsformLong": "Gesellschaft mit beschr\u00e4nkter Haftung"
            },
            {
                "Name": "Stiftung Schweizerische Wildtierwarte, Niederg\u00f6sgen",
                "Gremium": "Sr.",
                "Funktion": "M",
                "Bezahlung": 0,
                "Rechtsform": "Stift.",
                "GremiumLong": "Stiftungsrat",
                "FunktionLong": "Mitglied",
                "RechtsformLong": "Stiftung"
            },
            {
                "Name": "Schweizer Paraplegiker-Stiftung, Nottwil",
                "Gremium": "Bei.",
                "Funktion": "M",
                "Bezahlung": 1,
                "Rechtsform": "Stift.",
                "GremiumLong": "Beirat",
                "FunktionLong": "Mitglied",
                "RechtsformLong": "Stiftung"
            },
            {
                "Name": "Vorsorgeforum",
                "Gremium": "V",
                "Funktion": "P",
                "Bezahlung": 1,
                "Rechtsform": "Ve.",
                "GremiumLong": "Vorstand",
                "FunktionLong": "Pr\u00e4sident(in)",
                "RechtsformLong": "Verein"
            },
            {
                "Name": "Intergenerika, Liestal",
                "Gremium": "V",
                "Funktion": "P",
                "Bezahlung": 1,
                "Rechtsform": "Ve.",
                "GremiumLong": "Vorstand",
                "FunktionLong": "Pr\u00e4sident(in)",
                "RechtsformLong": "Verein"
            },
            {
                "Name": "Komitee f\u00fcr ein selbst\u00e4ndiges Baselbiet",
                "Gremium": "V",
                "Funktion": "Co-Pr\u00e4s.",
                "Bezahlung": 0,
                "Rechtsform": "Ve.",
                "GremiumLong": "Vorstand",
                "FunktionLong": "Co-Pr\u00e4sident(in)",
                "RechtsformLong": "Verein"
            },
            {
                "Name": "Verband Schweiz. B\u00fcrgergemeinden und Korporationen",
                "Gremium": "V",
                "Funktion": "M",
                "Bezahlung": 0,
                "Rechtsform": "Ve.",
                "GremiumLong": "Vorstand",
                "FunktionLong": "Mitglied",
                "RechtsformLong": "Verein"
            },
            {
                "Name": "SPEDLOGSWISS, Basel",
                "Gremium": "V",
                "Funktion": "P",
                "Bezahlung": 1,
                "Rechtsform": "Ve.",
                "GremiumLong": "Vorstand",
                "FunktionLong": "Pr\u00e4sident(in)",
                "RechtsformLong": "Verein"
            },
            {
                "Name": "Suissedigital, Verband f\u00fcr Kommunikationsnetze, Bern (Parlamentarischer Beirat)",
                "Gremium": "Bei.",
                "Funktion": "M",
                "Bezahlung": 0,
                "Rechtsform": "Ve.",
                "GremiumLong": "Beirat",
                "FunktionLong": "Mitglied",
                "RechtsformLong": "Verein"
            }
        ],
        "parlament_interessenbindungen_updated": "2023-11-17 22:07:41",
        "twitter_name": "thomasdecourten",
        "instagram_profil": null,
        "youtube_user": null,
        "linkedin_profil_url": "https:\/\/www.linkedin.com\/in\/thomas-de-courten-99b96256\/",
        "xing_profil_name": "Thomas_deCourten\/cv",
        "facebook_name": "thomas.decourten",
        "wikipedia": "https:\/\/de.wikipedia.org\/wiki\/Thomas_de_Courten",
        "wikidata_qid": "Q118493",
        "sprache": "de",
        "arbeitssprache": "de",
        "adresse_firma": null,
        "adresse_strasse": "Alteselweg 294",
        "adresse_zusatz": null,
        "adresse_plz": "4497",
        "adresse_ort": "R\u00fcnenberg",
        "bfs_gemeinde_nr": 2860,
        "telephon_1": "+41 61 552 56 93",
        "telephon_2": "+41 61 534 61 12",
        "erfasst": "Ja",
        "autorisierung_reminder_verschickt_visa": "fabian",
        "autorisierung_reminder_verschickt_datum": "2023-07-18 17:52:55",
        "freigabe_datum": "2023-08-28 14:32:15",
        "von": "2011-12-05",
        "bis": null,
        "aktiv": 1,
        "published": 1,
        "geburtstag_unix": null,
        "im_rat_seit_unix": 1323039600,
        "im_rat_bis_unix": null,
        "freigabe_datum_unix": 1693225935,
        "von_unix": 1323039600,
        "bis_unix": null,
        "vertretene_bevoelkerung": 41162,
        "rat": "NR",
        "kanton": "BL",
        "romandie": 0,
        "kommissionen_namen": "Gesch\u00e4ftspr\u00fcfungskommission NR (GPK-N); Immunit\u00e4tskommission NR (IK-NR); Kommission f\u00fcr soziale Sicherheit und Gesundheit NR (SGK-NR)",
        "kommissionen_abkuerzung": "GPK-N, IK-NR, SGK-NR",
        "kommissionen_anzahl": 3,
        "partei": "SVP",
        "partei_name": "Schweizerische Volkspartei",
        "fraktion": "V",
        "militaerischer_grad": "Oberleutnant",
        "beruf_branche_id": 9,
        "parlamentarier_id": 6,
        "anzahl_interessenbindungen": 32,
        "anzahl_hauptberufliche_interessenbindungen": 1,
        "anzahl_nicht_hauptberufliche_interessenbindungen": 31,
        "anzahl_abgelaufene_interessenbindungen": 12,
        "anzahl_interessenbindungen_alle": 44,
        "anzahl_erfasste_verguetungen": 15,
        "anzahl_erfasste_hauptberufliche_verguetungen": 1,
        "anzahl_erfasste_nicht_hauptberufliche_verguetungen": 14,
        "verguetungstransparenz_berechnet": "0.48",
        "verguetungstransparenz_berechnet_nicht_beruflich": "0.45",
        "verguetungstransparenz_berechnet_alle": "0.47",
        "verguetungstransparenz_beurteilung_stichdatum": null,
        "verguetungstransparenz_beurteilung": null,
        "anzahl_interessenbindung_tief": 24,
        "anzahl_interessenbindung_mittel": 7,
        "anzahl_interessenbindung_hoch": 1,
        "anzahl_interessenbindung_tief_nach_wahl": 20,
        "anzahl_interessenbindung_mittel_nach_wahl": 3,
        "anzahl_interessenbindung_hoch_nach_wahl": 1,
        "lobbyfaktor": 116,
        "lobbyfaktor_max": 252,
        "lobbyfaktor_percent_max": "0.460",
        "anzahl_interessenbindung_tief_max": 97,
        "anzahl_interessenbindung_mittel_max": 16,
        "anzahl_interessenbindung_hoch_max": 8,
        "ratstyp": "NR",
        "kanton_abkuerzung": "BL",
        "kleinbild_path": "\/..\/files\/parlamentarier_photos\/klein\/2757.jpg",
        "kleinbild_url": "http:\/\/127.0.0.1:8000\/..\/files\/parlamentarier_photos\/klein\/2757.jpg",
        "wikidata_item_url": "https:\/\/www.wikidata.org\/wiki\/Q118493",
        "parlament_biografie_url": "https:\/\/www.parlament.ch\/de\/biografie\/name\/4051",
        "twitter_url": "https:\/\/twitter.com\/thomasdecourten",
        "facebook_url": "https:\/\/www.facebook.com\/thomas.decourten",
        "kanton_name": "Basel-Landschaft",
        "in_kommission": [
            {
                "abkuerzung": "GPK-N",
                "name": "Gesch\u00e4ftspr\u00fcfungskommission NR",
                "typ": "kommission",
                "art": null,
                "beschreibung": "Die Gesch\u00e4ftspr\u00fcfungskommissionen (GPK) \u00fcben gem\u00e4ss Artikel 169 der Bundesverfassung (BV; SR 101) und Artikel 26 des Parlamentsgesetzes (ParlG; SR 171.10) im Auftrag der eidgen\u00f6ssischen R\u00e4te die Oberaufsicht aus \u00fcber die Gesch\u00e4ftsf\u00fchrung des Bundesrates und der Bundesverwaltung, der eidgen\u00f6ssischen Gerichte und der anderen Tr\u00e4ger von Aufgaben des Bundes mittels Inspektionen, Abkl\u00e4rungen, Behandlung von Jahres- und Gesch\u00e4ftsberichten (insbesondere des Bundesrates und der eidgen\u00f6ssischen Gerichte).",
                "sachbereiche": "\u00dcberpr\u00fcfen insbesondere, ob die Bundesbeh\u00f6rden im Sinne der Verfassung und der Gesetze handeln; \nob die vom Gesetzgeber \u00fcbertragenen Aufgaben erf\u00fcllt und die Ziele erreicht worden sind (\u00dcberpr\u00fcfung der Rechtm\u00e4ssigkeit); \nob die vom Staat getroffenen Massnahmen sinnvoll sind und der Bundesrat seinen Entscheidungsspielraum richtig nutzt (\u00dcberpr\u00fcfung der Zweckm\u00e4ssigkeit); \nob die vom Staat getroffenen Massnahmen die gew\u00fcnschte Wirkung haben (\u00dcberpr\u00fcfung der Wirksamkeit).",
                "mutter_kommission_id": null,
                "parlament_url": null,
                "id": 746,
                "parlamentarier_id": 6,
                "kommission_id": 27,
                "funktion": "mitglied",
                "parlament_committee_function": 1,
                "parlament_committee_function_name": "Mitglied",
                "von": "2015-12-10",
                "bis": null,
                "freigabe_datum": "2015-12-19 00:00:00",
                "in_kommission_parlamentarier_kommission_funktion_unique": "6_27_mitglied_9999-12-31",
                "aktiv": 1,
                "published": 1,
                "bis_unix": null,
                "von_unix": 1449702000,
                "freigabe_datum_unix": 1450479600
            },
            {
                "abkuerzung": "IK-NR",
                "name": "Immunit\u00e4tskommission NR",
                "typ": "kommission",
                "art": "weitere kommission",
                "beschreibung": "Gesuche f\u00fcr die Aufhebung der Immunit\u00e4t von Ratsmitgliedern und von der Bundesversammlung gew\u00e4hlten Beh\u00f6rdenmitgliedern (Art. 17 Abs. 1 und Art. 20 Abs. 1 ParlG, Art. 14 Abs. 1 VG) werden von den zust\u00e4ndigen Kommissionen beider R\u00e4te behandelt. Im Nationalrat ist eine eigens zu diesem Zweck geschaffene Immunit\u00e4tskommission (IK) zust\u00e4ndig; im St\u00e4nderat werden die Gesuche von der Kommission f\u00fcr Rechtsfragen (RK-S) behandelt. Die IK setzt sich aus neun Mitgliedern zusammen; f\u00fcr jedes Mitglied wird eine st\u00e4ndige Stellvertreterin oder ein st\u00e4ndiger Stellvertreter gew\u00e4hlt.",
                "sachbereiche": "Bearbeitung der Gesuche f\u00fcr die Aufhebung der Immunit\u00e4t von Ratsmitgliedern",
                "mutter_kommission_id": null,
                "parlament_url": "http:\/\/www.parlament.ch\/d\/organe-mitglieder\/kommissionen\/weitere-kommissionen\/immunitaetskommission\/Seiten\/default.aspx",
                "id": 2535,
                "parlamentarier_id": 6,
                "kommission_id": 60,
                "funktion": "mitglied",
                "parlament_committee_function": 1,
                "parlament_committee_function_name": "Mitglied",
                "von": "2023-12-15",
                "bis": null,
                "freigabe_datum": "2023-12-15 00:00:00",
                "in_kommission_parlamentarier_kommission_funktion_unique": "6_60_mitglied_9999-12-31",
                "aktiv": 1,
                "published": 1,
                "bis_unix": null,
                "von_unix": 1702594800,
                "freigabe_datum_unix": 1702594800
            },
            {
                "abkuerzung": "SGK-NR",
                "name": "Kommission f\u00fcr soziale Sicherheit und Gesundheit NR",
                "typ": "kommission",
                "art": "legislativkommission",
                "beschreibung": null,
                "sachbereiche": "Sozialversicherungen;\nAltersvorsorge (Arbeitslosenversicherung: nur im St\u00e4nderat);\nSozialhilfe;\nFamiliensozialpolitik;\nGesundheitswesen; Gesundheitspolitik; Gesundheitsf\u00f6rderung; \nUnfall und Krankheitspr\u00e4vention;\nHeilmittel;\nBet\u00e4ubungs- und Suchtmittel;\nLebensmittel (Schutz der Gesundheit) und Gifte",
                "mutter_kommission_id": null,
                "parlament_url": "http:\/\/www.parlament.ch\/D\/ORGANE-MITGLIEDER\/KOMMISSIONEN\/LEGISLATIVKOMMISSIONEN\/KOMMISSIONEN-SGK\/Seiten\/default.aspx",
                "id": 1476,
                "parlamentarier_id": 6,
                "kommission_id": 1,
                "funktion": "mitglied",
                "parlament_committee_function": 1,
                "parlament_committee_function_name": "Mitglied",
                "von": "2019-12-02",
                "bis": null,
                "freigabe_datum": "2019-12-16 00:00:00",
                "in_kommission_parlamentarier_kommission_funktion_unique": "6_1_mitglied_9999-12-31",
                "aktiv": 1,
                "published": 1,
                "bis_unix": null,
                "von_unix": 1575241200,
                "freigabe_datum_unix": 1576450800
            }
        ],
        "interessenbindungen": [
            {
                "organisation_name": "Intergenerika",
                "name": "Intergenerika",
                "ort": "Pratteln",
                "land_id": 191,
                "interessenraum_id": null,
                "rechtsform": "Verein",
                "typ": "DachOrganisation,dezidierteLobby",
                "vernehmlassung": "punktuell",
                "interessengruppe_id": 1,
                "interessengruppe1_id": 1,
                "interessengruppe2_id": null,
                "interessengruppe3_id": null,
                "homepage": "http:\/\/www.intergenerika.ch\/",
                "handelsregister_url": "http:\/\/www.moneyhouse.ch\/u\/intergenerika_CH-280.6.004.325-7.htm",
                "twitter_name": "intergenerika",
                "organisation_beschreibung": "F\u00f6rderung der Akzeptanz von Generika durch Aufkl\u00e4rung von Aerzten, Medizinalpersonen, Fachverb\u00e4nden, Krankenkassen, Patienten und Verwendern von Medikamenten. F\u00f6rderung der Verbreitung von Generika als qualitativ mindestens gleichwertige, jedoch preiswertere Arzneimittel. Planung und Koordination f\u00fcr die Schweiz von Generika-F\u00f6rderungsmassnahmen und Kontakt zu Medien, Beh\u00f6rden und Vereinigungen im Bereiche von Medizinalpersonen und des Gesundheitswesens. Angemessene Repr\u00e4sentanz von Generika in Arzneimittelmarkt und Gesundheitswesen.",
                "adresse_strasse": "Hardstrasse 1",
                "adresse_zusatz": "Haus der Wirtschaft",
                "adresse_plz": "4133",
                "interessengruppe": "Pharma",
                "interessengruppe_branche": "Gesundheit",
                "interessengruppe_branche_id": 1,
                "interessengruppe1": "Pharma",
                "interessengruppe1_branche": "Gesundheit",
                "interessengruppe1_branche_id": 1,
                "interessengruppe2": null,
                "interessengruppe2_branche": null,
                "interessengruppe2_branche_id": null,
                "interessengruppe3": null,
                "interessengruppe3_branche": null,
                "interessengruppe3_branche_id": null,
                "land": "Schweiz",
                "interessenraum": null,
                "organisation_jahr_id": null,
                "jahr": null,
                "umsatz": null,
                "gewinn": null,
                "kapital": null,
                "mitarbeiter_weltweit": null,
                "mitarbeiter_schweiz": null,
                "geschaeftsbericht_url": null,
                "anzeige_name": "336, de Courten, Thomas, Intergenerika, vorstand",
                "id": 336,
                "parlamentarier_id": 6,
                "organisation_id": 343,
                "art": "vorstand",
                "funktion_im_gremium": "praesident",
                "deklarationstyp": "deklarationspflichtig",
                "status": "deklariert",
                "hauptberuflich": 0,
                "behoerden_vertreter": "N",
                "beschreibung": null,
                "quelle_url": "https:\/\/bl.chregister.ch\/cr-portal\/auszug\/auszug.xhtml;jsessionid=1dcdd3ad4aa01d1d47280af18dfd?uid=CHE-102.170.062",
                "quelle_url_gueltig": null,
                "quelle": null,
                "von": "2015-04-08",
                "bis": null,
                "unterscheidung": null,
                "updated_by_import": null,
                "freigabe_datum": "2023-08-28 14:32:15",
                "aktiv": 1,
                "published": 1,
                "bis_unix": null,
                "von_unix": 1428444000,
                "freigabe_datum_unix": 1693225935,
                "wirksamkeit": "hoch",
                "parlamentarier_im_rat_seit": "2011-12-05",
                "wirksamkeit_index": 3,
                "organisation_lobbyeinfluss": "sehr hoch",
                "verguetung": 1,
                "verguetung_jahr": 2024,
                "verguetung_beschreibung": null,
                "twitter_url": "https:\/\/twitter.com\/intergenerika"
            },
            {
                "organisation_name": "Asga Pensionskasse Genossenschaft",
                "name": "Asga Pensionskasse Genossenschaft",
                "ort": "St. Gallen",
                "land_id": 191,
                "interessenraum_id": 1,
                "rechtsform": "Genossenschaft",
                "typ": "EinzelOrganisation,LeistungsErbringer",
                "vernehmlassung": "punktuell",
                "interessengruppe_id": 42,
                "interessengruppe1_id": 42,
                "interessengruppe2_id": null,
                "interessengruppe3_id": null,
                "homepage": "http:\/\/www.asga.ch\/",
                "handelsregister_url": "http:\/\/sg.powernet.ch\/webservices\/inet\/HRG\/HRG.asmx\/getHRGHTML?chnr=3205000688&amt=320&toBeModified=0&validOnly=0&lang=1&sort=0",
                "twitter_name": null,
                "organisation_beschreibung": "Pensionskasse",
                "adresse_strasse": "Rosenbergstrasse 16",
                "adresse_zusatz": null,
                "adresse_plz": "9001",
                "interessengruppe": "Pensionskassen",
                "interessengruppe_branche": "Wirtschaft",
                "interessengruppe_branche_id": 9,
                "interessengruppe1": "Pensionskassen",
                "interessengruppe1_branche": "Wirtschaft",
                "interessengruppe1_branche_id": 9,
                "interessengruppe2": null,
                "interessengruppe2_branche": null,
                "interessengruppe2_branche_id": null,
                "interessengruppe3": null,
                "interessengruppe3_branche": null,
                "interessengruppe3_branche_id": null,
                "land": "Schweiz",
                "interessenraum": "National (Schweiz)",
                "organisation_jahr_id": null,
                "jahr": null,
                "umsatz": null,
                "gewinn": null,
                "kapital": null,
                "mitarbeiter_weltweit": null,
                "mitarbeiter_schweiz": null,
                "geschaeftsbericht_url": null,
                "anzeige_name": "12884, de Courten, Thomas, Asga Pensionskasse Genossenschaft, vorstand",
                "id": 12884,
                "parlamentarier_id": 6,
                "organisation_id": 334,
                "art": "vorstand",
                "funktion_im_gremium": "mitglied",
                "deklarationstyp": "deklarationspflichtig",
                "status": "deklariert",
                "hauptberuflich": 0,
                "behoerden_vertreter": null,
                "beschreibung": null,
                "quelle_url": "http:\/\/www.shab.ch\/shabforms\/servlet\/Search?EID=7&DOCID=1005037236",
                "quelle_url_gueltig": null,
                "quelle": null,
                "von": "2020-11-27",
                "bis": null,
                "unterscheidung": null,
                "updated_by_import": null,
                "freigabe_datum": "2023-08-28 14:32:15",
                "aktiv": 1,
                "published": 1,
                "bis_unix": null,
                "von_unix": 1606431600,
                "freigabe_datum_unix": 1693225935,
                "wirksamkeit": "mittel",
                "parlamentarier_im_rat_seit": "2011-12-05",
                "wirksamkeit_index": 2,
                "organisation_lobbyeinfluss": "mittel",
                "verguetung": 1,
                "verguetung_jahr": 2024,
                "verguetung_beschreibung": "Bezahlt"
            },
            {
                "organisation_name": "Autobus AG Liestal",
                "name": "Autobus AG Liestal",
                "ort": "Liestal",
                "land_id": 191,
                "interessenraum_id": 2,
                "rechtsform": "AG",
                "typ": "EinzelOrganisation,LeistungsErbringer",
                "vernehmlassung": "punktuell",
                "interessengruppe_id": 33,
                "interessengruppe1_id": 33,
                "interessengruppe2_id": null,
                "interessengruppe3_id": null,
                "homepage": "https:\/\/autobus.ag",
                "handelsregister_url": null,
                "twitter_name": null,
                "organisation_beschreibung": "\u00d6V-Unternehmen im mittleren Baselbiet",
                "adresse_strasse": "Industriestrasse 13",
                "adresse_zusatz": null,
                "adresse_plz": "4410",
                "interessengruppe": "\u00d6ffentlicher Verkehr",
                "interessengruppe_branche": "Verkehr",
                "interessengruppe_branche_id": 5,
                "interessengruppe1": "\u00d6ffentlicher Verkehr",
                "interessengruppe1_branche": "Verkehr",
                "interessengruppe1_branche_id": 5,
                "interessengruppe2": null,
                "interessengruppe2_branche": null,
                "interessengruppe2_branche_id": null,
                "interessengruppe3": null,
                "interessengruppe3_branche": null,
                "interessengruppe3_branche_id": null,
                "land": "Schweiz",
                "interessenraum": "Kantonal",
                "organisation_jahr_id": null,
                "jahr": null,
                "umsatz": null,
                "gewinn": null,
                "kapital": null,
                "mitarbeiter_weltweit": null,
                "mitarbeiter_schweiz": null,
                "geschaeftsbericht_url": null,
                "anzeige_name": "33, de Courten, Thomas, Autobus AG Liestal, vorstand",
                "id": 33,
                "parlamentarier_id": 6,
                "organisation_id": 32,
                "art": "vorstand",
                "funktion_im_gremium": "vizepraesident",
                "deklarationstyp": "deklarationspflichtig",
                "status": "deklariert",
                "hauptberuflich": 0,
                "behoerden_vertreter": "N",
                "beschreibung": null,
                "quelle_url": "https:\/\/bl.chregister.ch\/cr-portal\/auszug\/auszug.xhtml?uid=CHE-102.638.220",
                "quelle_url_gueltig": null,
                "quelle": null,
                "von": "2012-08-29",
                "bis": null,
                "unterscheidung": null,
                "updated_by_import": null,
                "freigabe_datum": "2023-08-28 14:32:15",
                "aktiv": 1,
                "published": 1,
                "bis_unix": null,
                "von_unix": 1346191200,
                "freigabe_datum_unix": 1693225935,
                "wirksamkeit": "mittel",
                "parlamentarier_im_rat_seit": "2011-12-05",
                "wirksamkeit_index": 2,
                "organisation_lobbyeinfluss": "hoch",
                "verguetung": 1,
                "verguetung_jahr": 2024,
                "verguetung_beschreibung": null
            },
            {
                "organisation_name": "L\u00f6tschberg Komitee",
                "name": "L\u00f6tschberg Komitee",
                "ort": "Brig-Glis",
                "land_id": 191,
                "interessenraum_id": 3,
                "rechtsform": "Verein",
                "typ": "EinzelOrganisation,dezidierteLobby",
                "vernehmlassung": "punktuell",
                "interessengruppe_id": 33,
                "interessengruppe1_id": 33,
                "interessengruppe2_id": null,
                "interessengruppe3_id": null,
                "homepage": "http:\/\/www.loetschberg-komitee.ch\/de\/",
                "handelsregister_url": null,
                "twitter_name": null,
                "organisation_beschreibung": "Verein zum Ausbau Nord-S\u00fcd Schienenachse \u00fcber den L\u00f6tschberg",
                "adresse_strasse": "Furkastrasse 25",
                "adresse_zusatz": "c\/o Rechtsb\u00fcro Amherd Carlen Truffer act",
                "adresse_plz": "3900",
                "interessengruppe": "\u00d6ffentlicher Verkehr",
                "interessengruppe_branche": "Verkehr",
                "interessengruppe_branche_id": 5,
                "interessengruppe1": "\u00d6ffentlicher Verkehr",
                "interessengruppe1_branche": "Verkehr",
                "interessengruppe1_branche_id": 5,
                "interessengruppe2": null,
                "interessengruppe2_branche": null,
                "interessengruppe2_branche_id": null,
                "interessengruppe3": null,
                "interessengruppe3_branche": null,
                "interessengruppe3_branche_id": null,
                "land": "Schweiz",
                "interessenraum": "Kommunal",
                "organisation_jahr_id": null,
                "jahr": null,
                "umsatz": null,
                "gewinn": null,
                "kapital": null,
                "mitarbeiter_weltweit": null,
                "mitarbeiter_schweiz": null,
                "geschaeftsbericht_url": null,
                "anzeige_name": "13394, de Courten, Thomas, L\u00f6tschberg Komitee, vorstand",
                "id": 13394,
                "parlamentarier_id": 6,
                "organisation_id": 1108,
                "art": "vorstand",
                "funktion_im_gremium": "mitglied",
                "deklarationstyp": "deklarationspflichtig",
                "status": "nicht-deklariert",
                "hauptberuflich": 0,
                "behoerden_vertreter": null,
                "beschreibung": "Vorstand Kanton Basel-Land",
                "quelle_url": "https:\/\/www.loetschberg-komitee.ch\/de\/vorstand-geschaeftsfuehrung.html",
                "quelle_url_gueltig": null,
                "quelle": null,
                "von": null,
                "bis": null,
                "unterscheidung": null,
                "updated_by_import": null,
                "freigabe_datum": "2023-08-28 14:32:15",
                "aktiv": 1,
                "published": 1,
                "bis_unix": null,
                "von_unix": null,
                "freigabe_datum_unix": 1693225935,
                "wirksamkeit": "mittel",
                "parlamentarier_im_rat_seit": "2011-12-05",
                "wirksamkeit_index": 2,
                "organisation_lobbyeinfluss": "hoch",
                "verguetung": null,
                "verguetung_jahr": null,
                "verguetung_beschreibung": null
            },
            {
                "organisation_name": "Schweizerischer Verband der B\u00fcrgergemeinden und Korporationen",
                "name": "Schweizerischer Verband der B\u00fcrgergemeinden und Korporationen",
                "ort": "Bern",
                "land_id": 191,
                "interessenraum_id": 3,
                "rechtsform": "Verein",
                "typ": "DachOrganisation,dezidierteLobby",
                "vernehmlassung": "punktuell",
                "interessengruppe_id": 35,
                "interessengruppe1_id": 35,
                "interessengruppe2_id": null,
                "interessengruppe3_id": null,
                "homepage": "http:\/\/www.svbk.ch\/",
                "handelsregister_url": null,
                "twitter_name": null,
                "organisation_beschreibung": "Hauptzwecke des Verbandes sind:\na) die Erhaltung und Pflege der b\u00fcrgerlichen Institutionen\nb) die Wahrung der Interessen und die Beratung der B\u00fcrgergemeinden und Korporationen\nc) die F\u00f6rderung und St\u00e4rkung der freundeidgen\u00f6ssischen Beziehungen unter den Mitgliedern",
                "adresse_strasse": "Bundesgasse 16",
                "adresse_zusatz": "c\/o Andreas Hubacher, F\u00fcrsprecher",
                "adresse_plz": "3011",
                "interessengruppe": "Staatspolitik allgemein",
                "interessengruppe_branche": "Staatspolitik\/Staatswirtschaft",
                "interessengruppe_branche_id": 14,
                "interessengruppe1": "Staatspolitik allgemein",
                "interessengruppe1_branche": "Staatspolitik\/Staatswirtschaft",
                "interessengruppe1_branche_id": 14,
                "interessengruppe2": null,
                "interessengruppe2_branche": null,
                "interessengruppe2_branche_id": null,
                "interessengruppe3": null,
                "interessengruppe3_branche": null,
                "interessengruppe3_branche_id": null,
                "land": "Schweiz",
                "interessenraum": "Kommunal",
                "organisation_jahr_id": null,
                "jahr": null,
                "umsatz": null,
                "gewinn": null,
                "kapital": null,
                "mitarbeiter_weltweit": null,
                "mitarbeiter_schweiz": null,
                "geschaeftsbericht_url": null,
                "anzeige_name": "386, de Courten, Thomas, Schweizerischer Verband der B\u00fcrgergemeinden und Korporationen; F\u00e9d\u00e9ration Suisse des Bourgeouisies et Corporations; Federazione Svizzera dei Patriziati, vorstand",
                "id": 386,
                "parlamentarier_id": 6,
                "organisation_id": 435,
                "art": "vorstand",
                "funktion_im_gremium": "mitglied",
                "deklarationstyp": "deklarationspflichtig",
                "status": "deklariert",
                "hauptberuflich": 0,
                "behoerden_vertreter": "N",
                "beschreibung": null,
                "quelle_url": "https:\/\/www.svbk.ch\/ueber-den-svbk\/vorstand",
                "quelle_url_gueltig": null,
                "quelle": null,
                "von": null,
                "bis": null,
                "unterscheidung": null,
                "updated_by_import": null,
                "freigabe_datum": "2023-08-28 14:32:15",
                "aktiv": 1,
                "published": 1,
                "bis_unix": null,
                "von_unix": null,
                "freigabe_datum_unix": 1693225935,
                "wirksamkeit": "mittel",
                "parlamentarier_im_rat_seit": "2011-12-05",
                "wirksamkeit_index": 2,
                "organisation_lobbyeinfluss": "mittel",
                "verguetung": 0,
                "verguetung_jahr": 2024,
                "verguetung_beschreibung": "Ehrenamtlich"
            },
            {
                "organisation_name": "SPEDLOGSWISS Verband schweizerischer Speditions- und Logistikunternehmen",
                "name": "SPEDLOGSWISS Verband schweizerischer Speditions- und Logistikunternehmen",
                "ort": "Basel",
                "land_id": 191,
                "interessenraum_id": 1,
                "rechtsform": "Verein",
                "typ": "DachOrganisation",
                "vernehmlassung": "punktuell",
                "interessengruppe_id": 36,
                "interessengruppe1_id": 36,
                "interessengruppe2_id": null,
                "interessengruppe3_id": null,
                "homepage": "http:\/\/www.spedlogswiss.ch",
                "handelsregister_url": "http:\/\/www.moneyhouse.ch\/u\/spedlogswiss_verband_schweizerischer_speditions_und_logistikunternehmen_CH-270.6.000.138-0.htm",
                "twitter_name": null,
                "organisation_beschreibung": "Unterst\u00fctzung der Verbandsmitglieder in wirtschaftlichen und unternehmerischen Belangen, Vertretung ihrer Interessen und F\u00f6rderung der Speditionsbranche auf nationaler und internationaler Ebene.",
                "adresse_strasse": "Elisabethenstr. 44",
                "adresse_zusatz": null,
                "adresse_plz": "4051",
                "interessengruppe": "Logistik\/Transport",
                "interessengruppe_branche": "Verkehr",
                "interessengruppe_branche_id": 5,
                "interessengruppe1": "Logistik\/Transport",
                "interessengruppe1_branche": "Verkehr",
                "interessengruppe1_branche_id": 5,
                "interessengruppe2": null,
                "interessengruppe2_branche": null,
                "interessengruppe2_branche_id": null,
                "interessengruppe3": null,
                "interessengruppe3_branche": null,
                "interessengruppe3_branche_id": null,
                "land": "Schweiz",
                "interessenraum": "National (Schweiz)",
                "organisation_jahr_id": null,
                "jahr": null,
                "umsatz": null,
                "gewinn": null,
                "kapital": null,
                "mitarbeiter_weltweit": null,
                "mitarbeiter_schweiz": null,
                "geschaeftsbericht_url": null,
                "anzeige_name": "384, de Courten, Thomas, SPEDLOGSWISS Verband schweizerischer Speditions- und Logistikunternehmen; Spedlogswiss Association Suisse des transitaires et des entreprises de logistique; Spedlogwiss Associazione Svizzera delle imprese di spedizione e logistica, vorstand",
                "id": 384,
                "parlamentarier_id": 6,
                "organisation_id": 433,
                "art": "vorstand",
                "funktion_im_gremium": "praesident",
                "deklarationstyp": "deklarationspflichtig",
                "status": "deklariert",
                "hauptberuflich": 0,
                "behoerden_vertreter": "N",
                "beschreibung": null,
                "quelle_url": "https:\/\/www.spedlogswiss.com\/media\/FCFC242C-155D-C846-0108047852BF1148\/SPEDLOGSWISS_Organigramm_20160503%20v199960703.pdf",
                "quelle_url_gueltig": null,
                "quelle": null,
                "von": null,
                "bis": null,
                "unterscheidung": null,
                "updated_by_import": null,
                "freigabe_datum": "2023-08-28 14:32:15",
                "aktiv": 1,
                "published": 1,
                "bis_unix": null,
                "von_unix": null,
                "freigabe_datum_unix": 1693225935,
                "wirksamkeit": "mittel",
                "parlamentarier_im_rat_seit": "2011-12-05",
                "wirksamkeit_index": 2,
                "organisation_lobbyeinfluss": "mittel",
                "verguetung": 1,
                "verguetung_jahr": 2024,
                "verguetung_beschreibung": null
            },
            {
                "organisation_name": "SUISSEDIGITAL VERBAND F\u00dcR KOMMUNIKATIONSNETZE",
                "name": "SUISSEDIGITAL VERBAND F\u00dcR KOMMUNIKATIONSNETZE",
                "ort": "Bern",
                "land_id": 191,
                "interessenraum_id": 1,
                "rechtsform": "Verein",
                "typ": "DachOrganisation,dezidierteLobby",
                "vernehmlassung": "punktuell",
                "interessengruppe_id": 47,
                "interessengruppe1_id": 47,
                "interessengruppe2_id": null,
                "interessengruppe3_id": null,
                "homepage": "http:\/\/www.suissedigital.ch\/",
                "handelsregister_url": null,
                "twitter_name": null,
                "organisation_beschreibung": "SUISSEDIGITAL ist der Wirtschaftsverband der Schweizer Kommunikationsnetze. Ihm geh\u00f6ren rund 200 privatwirtschaftlich und \u00f6ffentlich-rechtlich organisierte Unternehmen aus der ganzen Schweiz und aus dem F\u00fcrstentum Liechtenstein an. Diese sind dank ihren hochleistungsf\u00e4higen Netzen in der Lage, ihren Kundinnen und Kunden zeitgem\u00e4\u00dfe Kommunikationsdienstleistungen aus einer Hand anzubieten: Breitbandinternet, Festnetz- und zum Teil Mobiltelefonie sowie Radio und Fernsehen mit allen Vorteilen der digitalen Technik. Insgesamt versorgen die Mitglieder zahlreiche Gesch\u00e4ftskunden und rund 2,5 Millionen Haushalte mit ihren Dienstleistungen.",
                "adresse_strasse": "Waaghaus-Passage 8",
                "adresse_zusatz": null,
                "adresse_plz": "3011",
                "interessengruppe": "Komunikationsdienstleistungen",
                "interessengruppe_branche": "Kommunikation",
                "interessengruppe_branche_id": 18,
                "interessengruppe1": "Komunikationsdienstleistungen",
                "interessengruppe1_branche": "Kommunikation",
                "interessengruppe1_branche_id": 18,
                "interessengruppe2": null,
                "interessengruppe2_branche": null,
                "interessengruppe2_branche_id": null,
                "interessengruppe3": null,
                "interessengruppe3_branche": null,
                "interessengruppe3_branche_id": null,
                "land": "Schweiz",
                "interessenraum": "National (Schweiz)",
                "organisation_jahr_id": null,
                "jahr": null,
                "umsatz": null,
                "gewinn": null,
                "kapital": null,
                "mitarbeiter_weltweit": null,
                "mitarbeiter_schweiz": null,
                "geschaeftsbericht_url": null,
                "anzeige_name": "14165, de Courten, Thomas, SUISSEDIGITAL VERBAND F\u00dcR KOMMUNIKATIONSNETZE, beirat",
                "id": 14165,
                "parlamentarier_id": 6,
                "organisation_id": 4871,
                "art": "beirat",
                "funktion_im_gremium": "mitglied",
                "deklarationstyp": "deklarationspflichtig",
                "status": "deklariert",
                "hauptberuflich": 0,
                "behoerden_vertreter": "N",
                "beschreibung": "Mitglied des Parlamentarischen Beirats",
                "quelle_url": "https:\/\/www.parlament.ch\/de\/biografie\/thomas-de-courten\/4051",
                "quelle_url_gueltig": null,
                "quelle": null,
                "von": "2022-12-17",
                "bis": null,
                "unterscheidung": null,
                "updated_by_import": null,
                "freigabe_datum": "2023-08-28 14:32:15",
                "aktiv": 1,
                "published": 1,
                "bis_unix": null,
                "von_unix": 1671231600,
                "freigabe_datum_unix": 1693225935,
                "wirksamkeit": "mittel",
                "parlamentarier_im_rat_seit": "2011-12-05",
                "wirksamkeit_index": 2,
                "organisation_lobbyeinfluss": "mittel",
                "verguetung": 0,
                "verguetung_jahr": 2024,
                "verguetung_beschreibung": "Ehrenamtlich"
            }
        ]
    }
}