{
    "success": true,
    "count": 10,
    "message": "10 record(s) found",
    "sql": "\n    SELECT branche.*\n    \n    FROM v_branche branche\n    \n    WHERE 1   LIMIT 10 ;",
    "source": "branche",
    "data": [
        {
            "anzeige_name": "Gesundheit",
            "anzeige_name_mixed": "Gesundheit \/ Sant\u00e9",
            "id": 1,
            "name": "Gesundheit",
            "kommission_id": 1,
            "kommission2_id": 47,
            "technischer_name": "gesundheit",
            "beschreibung": "Akteure im Gesundheitswesen",
            "angaben": "Wie werden die ca. 60 Milliarden j\u00e4hrlich aufgeteilt",
            "isicv4": null,
            "wikipedia": null,
            "wikidata_qid": null,
            "farbcode": "blue",
            "symbol_rel": "branche_symbole\/1\/default_branche.png",
            "symbol_klein_rel": "branche_symbole\/default_branche.png",
            "symbol_dateiname_wo_ext": "default_branche",
            "symbol_dateierweiterung": "png",
            "symbol_dateiname": "default_branche.png",
            "symbol_mime_type": "image\/png",
            "freigabe_datum": "2014-09-16 00:00:00",
            "published": 1,
            "freigabe_datum_unix": 1410818400,
            "kommission1_id": 1,
            "kommission1": "Kommission f\u00fcr soziale Sicherheit und Gesundheit NR (SGK-NR)",
            "kommission1_name": "Kommission f\u00fcr soziale Sicherheit und Gesundheit NR",
            "kommission1_abkuerzung": "SGK-NR",
            "kommission2": "Kommission f\u00fcr soziale Sicherheit und Gesundheit SR (SGK-SR)",
            "kommission2_name": "Kommission f\u00fcr soziale Sicherheit und Gesundheit SR",
            "kommission2_abkuerzung": "SGK-SR",
            "symbol_path": "\/branche_symbole\/default_branche.png",
            "symbol_url": "http:\/\/127.0.0.1:8000\/branche_symbole\/default_branche.png"
        },
        {
            "anzeige_name": "Soziale Sicherheit",
            "anzeige_name_mixed": "Soziale Sicherheit \/ S\u00e9curit\u00e9 sociale",
            "id": 2,
            "name": "Soziale Sicherheit",
            "kommission_id": 1,
            "kommission2_id": 47,
            "technischer_name": "soziale_sicherheit",
            "beschreibung": "Akteure im Bereich sozialer Sicherheit",
            "angaben": null,
            "isicv4": null,
            "wikipedia": null,
            "wikidata_qid": null,
            "farbcode": null,
            "symbol_rel": null,
            "symbol_klein_rel": "branche_symbole\/default_branche.png",
            "symbol_dateiname_wo_ext": null,
            "symbol_dateierweiterung": null,
            "symbol_dateiname": null,
            "symbol_mime_type": null,
            "freigabe_datum": "2014-09-16 00:00:00",
            "published": 1,
            "freigabe_datum_unix": 1410818400,
            "kommission1_id": 1,
            "kommission1": "Kommission f\u00fcr soziale Sicherheit und Gesundheit NR (SGK-NR)",
            "kommission1_name": "Kommission f\u00fcr soziale Sicherheit und Gesundheit NR",
            "kommission1_abkuerzung": "SGK-NR",
            "kommission2": "Kommission f\u00fcr soziale Sicherheit und Gesundheit SR (SGK-SR)",
            "kommission2_name": "Kommission f\u00fcr soziale Sicherheit und Gesundheit SR",
            "kommission2_abkuerzung": "SGK-SR",
            "symbol_path": "\/branche_symbole\/default_branche.png",
            "symbol_url": "http:\/\/127.0.0.1:8000\/branche_symbole\/default_branche.png"
        },
        {
            "anzeige_name": "Energie",
            "anzeige_name_mixed": "Energie \/ \u00c9nergie",
            "id": 3,
            "name": "Energie",
            "kommission_id": 3,
            "kommission2_id": 48,
            "technischer_name": "energie",
            "beschreibung": "Akteure der Energiebranche",
            "angaben": null,
            "isicv4": null,
            "wikipedia": null,
            "wikidata_qid": null,
            "farbcode": null,
            "symbol_rel": null,
            "symbol_klein_rel": "branche_symbole\/default_branche.png",
            "symbol_dateiname_wo_ext": null,
            "symbol_dateierweiterung": null,
            "symbol_dateiname": null,
            "symbol_mime_type": null,
            "freigabe_datum": "2014-09-16 00:00:00",
            "published": 1,
            "freigabe_datum_unix": 1410818400,
            "kommission1_id": 3,
            "kommission1": "Kommission f\u00fcr Umwelt, Raumplanung und Energie NR (UREK-NR)",
            "kommission1_name": "Kommission f\u00fcr Umwelt, Raumplanung und Energie NR",
            "kommission1_abkuerzung": "UREK-NR",
            "kommission2": "Kommission f\u00fcr Umwelt, Raumplanung und Energie SR (UREK-SR)",
            "kommission2_name": "Kommission f\u00fcr Umwelt, Raumplanung und Energie SR",
            "kommission2_abkuerzung": "UREK-SR",
            "symbol_path": "\/branche_symbole\/default_branche.png",
            "symbol_url": "http:\/\/127.0.0.1:8000\/branche_symbole\/default_branche.png"
        },
        {
            "anzeige_name": "Umwelt",
            "anzeige_name_mixed": "Umwelt \/ Environnement",
            "id": 4,
            "name": "Umwelt",
            "kommission_id": 3,
            "kommission2_id": 48,
            "technischer_name": "umwelt",
            "beschreibung": "Akteure im Bereich Umwelt",
            "angaben": null,
            "isicv4": null,
            "wikipedia": null,
            "wikidata_qid": null,
            "farbcode": null,
            "symbol_rel": null,
            "symbol_klein_rel": "branche_symbole\/default_branche.png",
            "symbol_dateiname_wo_ext": null,
            "symbol_dateierweiterung": null,
            "symbol_dateiname": null,
            "symbol_mime_type": null,
            "freigabe_datum": "2014-09-16 00:00:00",
            "published": 1,
            "freigabe_datum_unix": 1410818400,
            "kommission1_id": 3,
            "kommission1": "Kommission f\u00fcr Umwelt, Raumplanung und Energie NR (UREK-NR)",
            "kommission1_name": "Kommission f\u00fcr Umwelt, Raumplanung und Energie NR",
            "kommission1_abkuerzung": "UREK-NR",
            "kommission2": "Kommission f\u00fcr Umwelt, Raumplanung und Energie SR (UREK-SR)",
            "kommission2_name": "Kommission f\u00fcr Umwelt, Raumplanung und Energie SR",
            "kommission2_abkuerzung": "UREK-SR",
            "symbol_path": "\/branche_symbole\/default_branche.png",
            "symbol_url": "http:\/\/127.0.0.1:8000\/branche_symbole\/default_branche.png"
        },
        {
            "anzeige_name": "Verkehr",
            "anzeige_name_mixed": "Verkehr \/ Transport",
            "id": 5,
            "name": "Verkehr",
            "kommission_id": 5,
            "kommission2_id": 49,
            "technischer_name": "verkehr",
            "beschreibung": "Akteure der Verkehrsbranche",
            "angaben": null,
            "isicv4": null,
            "wikipedia": null,
            "wikidata_qid": null,
            "farbcode": null,
            "symbol_rel": null,
            "symbol_klein_rel": "branche_symbole\/default_branche.png",
            "symbol_dateiname_wo_ext": null,
            "symbol_dateierweiterung": null,
            "symbol_dateiname": null,
            "symbol_mime_type": null,
            "freigabe_datum": "2014-09-16 00:00:00",
            "published": 1,
            "freigabe_datum_unix": 1410818400,
            "kommission1_id": 5,
            "kommission1": "Kommission f\u00fcr Verkehr und Fernmeldewesen NR (KVF-NR)",
            "kommission1_name": "Kommission f\u00fcr Verkehr und Fernmeldewesen NR",
            "kommission1_abkuerzung": "KVF-NR",
            "kommission2": "Kommission f\u00fcr Verkehr und Fernmeldewesen SR (KVF-SR)",
            "kommission2_name": "Kommission f\u00fcr Verkehr und Fernmeldewesen SR",
            "kommission2_abkuerzung": "KVF-SR",
            "symbol_path": "\/branche_symbole\/default_branche.png",
            "symbol_url": "http:\/\/127.0.0.1:8000\/branche_symbole\/default_branche.png"
        },
        {
            "anzeige_name": "Bildung",
            "anzeige_name_mixed": "Bildung \/ Formation",
            "id": 7,
            "name": "Bildung",
            "kommission_id": 9,
            "kommission2_id": 51,
            "technischer_name": "bildung",
            "beschreibung": "",
            "angaben": null,
            "isicv4": null,
            "wikipedia": null,
            "wikidata_qid": null,
            "farbcode": null,
            "symbol_rel": null,
            "symbol_klein_rel": "branche_symbole\/default_branche.png",
            "symbol_dateiname_wo_ext": null,
            "symbol_dateierweiterung": null,
            "symbol_dateiname": null,
            "symbol_mime_type": null,
            "freigabe_datum": "2014-09-16 00:00:00",
            "published": 1,
            "freigabe_datum_unix": 1410818400,
            "kommission1_id": 9,
            "kommission1": "Kommission f\u00fcr Wissenschaft, Bildung und Kultur NR (WBK-NR)",
            "kommission1_name": "Kommission f\u00fcr Wissenschaft, Bildung und Kultur NR",
            "kommission1_abkuerzung": "WBK-NR",
            "kommission2": "Kommission f\u00fcr Wissenschaft, Bildung und Kultur SR (WBK-SR)",
            "kommission2_name": "Kommission f\u00fcr Wissenschaft, Bildung und Kultur SR",
            "kommission2_abkuerzung": "WBK-SR",
            "symbol_path": "\/branche_symbole\/default_branche.png",
            "symbol_url": "http:\/\/127.0.0.1:8000\/branche_symbole\/default_branche.png"
        },
        {
            "anzeige_name": "Kultur",
            "anzeige_name_mixed": "Kultur \/ Culture",
            "id": 8,
            "name": "Kultur",
            "kommission_id": 9,
            "kommission2_id": 51,
            "technischer_name": "kultur",
            "beschreibung": "",
            "angaben": null,
            "isicv4": null,
            "wikipedia": null,
            "wikidata_qid": null,
            "farbcode": null,
            "symbol_rel": null,
            "symbol_klein_rel": "branche_symbole\/default_branche.png",
            "symbol_dateiname_wo_ext": null,
            "symbol_dateierweiterung": null,
            "symbol_dateiname": null,
            "symbol_mime_type": null,
            "freigabe_datum": "2014-09-16 00:00:00",
            "published": 1,
            "freigabe_datum_unix": 1410818400,
            "kommission1_id": 9,
            "kommission1": "Kommission f\u00fcr Wissenschaft, Bildung und Kultur NR (WBK-NR)",
            "kommission1_name": "Kommission f\u00fcr Wissenschaft, Bildung und Kultur NR",
            "kommission1_abkuerzung": "WBK-NR",
            "kommission2": "Kommission f\u00fcr Wissenschaft, Bildung und Kultur SR (WBK-SR)",
            "kommission2_name": "Kommission f\u00fcr Wissenschaft, Bildung und Kultur SR",
            "kommission2_abkuerzung": "WBK-SR",
            "symbol_path": "\/branche_symbole\/default_branche.png",
            "symbol_url": "http:\/\/127.0.0.1:8000\/branche_symbole\/default_branche.png"
        },
        {
            "anzeige_name": "Wirtschaft",
            "anzeige_name_mixed": "Wirtschaft \/ \u00c9conomie",
            "id": 9,
            "name": "Wirtschaft",
            "kommission_id": 11,
            "kommission2_id": 52,
            "technischer_name": "wirtschaft",
            "beschreibung": "",
            "angaben": null,
            "isicv4": null,
            "wikipedia": null,
            "wikidata_qid": null,
            "farbcode": null,
            "symbol_rel": null,
            "symbol_klein_rel": "branche_symbole\/default_branche.png",
            "symbol_dateiname_wo_ext": null,
            "symbol_dateierweiterung": null,
            "symbol_dateiname": null,
            "symbol_mime_type": null,
            "freigabe_datum": "2014-09-16 00:00:00",
            "published": 1,
            "freigabe_datum_unix": 1410818400,
            "kommission1_id": 11,
            "kommission1": "Kommission f\u00fcr Wirtschaft und Abgaben NR (WAK-NR)",
            "kommission1_name": "Kommission f\u00fcr Wirtschaft und Abgaben NR",
            "kommission1_abkuerzung": "WAK-NR",
            "kommission2": "Kommission f\u00fcr Wirtschaft und Abgaben SR (WAK-SR)",
            "kommission2_name": "Kommission f\u00fcr Wirtschaft und Abgaben SR",
            "kommission2_abkuerzung": "WAK-SR",
            "symbol_path": "\/branche_symbole\/default_branche.png",
            "symbol_url": "http:\/\/127.0.0.1:8000\/branche_symbole\/default_branche.png"
        },
        {
            "anzeige_name": "Aussenpolitik\/Aussenwirtschaft",
            "anzeige_name_mixed": "Aussenpolitik\/Aussenwirtschaft \/ Politique \u00e9trang\u00e8re \/ Commerce ext\u00e9rieur",
            "id": 13,
            "name": "Aussenpolitik\/Aussenwirtschaft",
            "kommission_id": 17,
            "kommission2_id": 55,
            "technischer_name": "aussenpolitik_aussenwirtschaft",
            "beschreibung": "",
            "angaben": null,
            "isicv4": null,
            "wikipedia": null,
            "wikidata_qid": null,
            "farbcode": null,
            "symbol_rel": null,
            "symbol_klein_rel": "branche_symbole\/default_branche.png",
            "symbol_dateiname_wo_ext": null,
            "symbol_dateierweiterung": null,
            "symbol_dateiname": null,
            "symbol_mime_type": null,
            "freigabe_datum": "2014-09-16 00:00:00",
            "published": 1,
            "freigabe_datum_unix": 1410818400,
            "kommission1_id": 17,
            "kommission1": "Aussenpolitische Kommission NR (APK-NR)",
            "kommission1_name": "Aussenpolitische Kommission NR",
            "kommission1_abkuerzung": "APK-NR",
            "kommission2": "Aussenpolitische Kommission SR (APK-SR)",
            "kommission2_name": "Aussenpolitische Kommission SR",
            "kommission2_abkuerzung": "APK-SR",
            "symbol_path": "\/branche_symbole\/default_branche.png",
            "symbol_url": "http:\/\/127.0.0.1:8000\/branche_symbole\/default_branche.png"
        },
        {
            "anzeige_name": "Staatspolitik\/Staatswirtschaft",
            "anzeige_name_mixed": "Staatspolitik\/Staatswirtschaft \/ Politique int\u00e9rieure \/ Economie publique",
            "id": 14,
            "name": "Staatspolitik\/Staatswirtschaft",
            "kommission_id": 13,
            "kommission2_id": 53,
            "technischer_name": "staatspolitik_staatswirtschaft",
            "beschreibung": "",
            "angaben": null,
            "isicv4": null,
            "wikipedia": null,
            "wikidata_qid": null,
            "farbcode": null,
            "symbol_rel": null,
            "symbol_klein_rel": "branche_symbole\/default_branche.png",
            "symbol_dateiname_wo_ext": null,
            "symbol_dateierweiterung": null,
            "symbol_dateiname": null,
            "symbol_mime_type": null,
            "freigabe_datum": "2014-09-16 00:00:00",
            "published": 1,
            "freigabe_datum_unix": 1410818400,
            "kommission1_id": 13,
            "kommission1": "Staatspolitische Kommission NR (SPK-NR)",
            "kommission1_name": "Staatspolitische Kommission NR",
            "kommission1_abkuerzung": "SPK-NR",
            "kommission2": "Staatspolitische Kommission SR (SPK-SR)",
            "kommission2_name": "Staatspolitische Kommission SR",
            "kommission2_abkuerzung": "SPK-SR",
            "symbol_path": "\/branche_symbole\/default_branche.png",
            "symbol_url": "http:\/\/127.0.0.1:8000\/branche_symbole\/default_branche.png"
        }
    ]
}