{
    "success": true,
    "count": 10,
    "message": "10 record(s) found",
    "sql": "\n    SELECT interessengruppe.*\n    \n    FROM v_interessengruppe interessengruppe\n    \n    WHERE 1   LIMIT 10 ;",
    "source": "interessengruppe",
    "data": [
        {
            "anzeige_name": "Pharma",
            "anzeige_name_mixed": "Pharma \/ Pharmaceutique",
            "id": 1,
            "name": "Pharma",
            "branche_id": 1,
            "beschreibung": "Medikamentenforschung, Medikamentenvertrieb, Pharmafirmen, Apotheken",
            "alias_namen": null,
            "isicv4": null,
            "wikipedia": null,
            "wikidata_qid": null,
            "freigabe_datum": "2014-09-16 00:00:00",
            "published": 1,
            "freigabe_datum_unix": 1410818400,
            "branche": "Gesundheit",
            "kommission_id": 1,
            "kommission1_id": 1,
            "kommission2_id": 47,
            "kommission1": "Kommission f\u00fcr soziale Sicherheit und Gesundheit NR (SGK-NR)",
            "kommission1_name": "Kommission f\u00fcr soziale Sicherheit und Gesundheit NR",
            "kommission1_abkuerzung": "SGK-NR",
            "kommission2": "Kommission f\u00fcr soziale Sicherheit und Gesundheit SR (SGK-SR)",
            "kommission2_name": "Kommission f\u00fcr soziale Sicherheit und Gesundheit SR",
            "kommission2_abkuerzung": "SGK-SR"
        },
        {
            "anzeige_name": "Krankenkassen",
            "anzeige_name_mixed": "Krankenkassen \/ Caisses maladie",
            "id": 2,
            "name": "Krankenkassen",
            "branche_id": 1,
            "beschreibung": "Krankenkassen, Dachorganisationen KK, Unterorganisationen KK",
            "alias_namen": "Krankenkassen; Krankenversicherungen; Gesundheitskassen; KK;",
            "isicv4": null,
            "wikipedia": null,
            "wikidata_qid": null,
            "freigabe_datum": "2014-09-16 00:00:00",
            "published": 1,
            "freigabe_datum_unix": 1410818400,
            "branche": "Gesundheit",
            "kommission_id": 1,
            "kommission1_id": 1,
            "kommission2_id": 47,
            "kommission1": "Kommission f\u00fcr soziale Sicherheit und Gesundheit NR (SGK-NR)",
            "kommission1_name": "Kommission f\u00fcr soziale Sicherheit und Gesundheit NR",
            "kommission1_abkuerzung": "SGK-NR",
            "kommission2": "Kommission f\u00fcr soziale Sicherheit und Gesundheit SR (SGK-SR)",
            "kommission2_name": "Kommission f\u00fcr soziale Sicherheit und Gesundheit SR",
            "kommission2_abkuerzung": "SGK-SR"
        },
        {
            "anzeige_name": "Gesundheit",
            "anzeige_name_mixed": "Gesundheit \/ Sant\u00e9",
            "id": 3,
            "name": "Gesundheit",
            "branche_id": 1,
            "beschreibung": "Gesundheitsf\u00f6rderung, Drogenmissbrauch",
            "alias_namen": "Gesundheitsf\u00f6rderung; Wohlbefinden; Drogenmissbrauch; Pr\u00e4vention;",
            "isicv4": null,
            "wikipedia": null,
            "wikidata_qid": null,
            "freigabe_datum": "2014-09-16 00:00:00",
            "published": 1,
            "freigabe_datum_unix": 1410818400,
            "branche": "Gesundheit",
            "kommission_id": 1,
            "kommission1_id": 1,
            "kommission2_id": 47,
            "kommission1": "Kommission f\u00fcr soziale Sicherheit und Gesundheit NR (SGK-NR)",
            "kommission1_name": "Kommission f\u00fcr soziale Sicherheit und Gesundheit NR",
            "kommission1_abkuerzung": "SGK-NR",
            "kommission2": "Kommission f\u00fcr soziale Sicherheit und Gesundheit SR (SGK-SR)",
            "kommission2_name": "Kommission f\u00fcr soziale Sicherheit und Gesundheit SR",
            "kommission2_abkuerzung": "SGK-SR"
        },
        {
            "anzeige_name": "Arztmedizin",
            "anzeige_name_mixed": "Arztmedizin \/ M\u00e9decine",
            "id": 4,
            "name": "Arztmedizin",
            "branche_id": 1,
            "beschreibung": "\u00c4rzte, Arzmedizin, Berufsorganisationen \u00c4rzte, medizinische Dienstleistungen, Physiotherapie, Hebammen",
            "alias_namen": "\u00c4rzte; Arzt; Mediziner; \u00c4rzteschaft; FMH; Physiotherapie; Hebammen; Leistungserbringer;",
            "isicv4": null,
            "wikipedia": null,
            "wikidata_qid": null,
            "freigabe_datum": "2014-12-12 08:55:43",
            "published": 1,
            "freigabe_datum_unix": 1418370943,
            "branche": "Gesundheit",
            "kommission_id": 1,
            "kommission1_id": 1,
            "kommission2_id": 47,
            "kommission1": "Kommission f\u00fcr soziale Sicherheit und Gesundheit NR (SGK-NR)",
            "kommission1_name": "Kommission f\u00fcr soziale Sicherheit und Gesundheit NR",
            "kommission1_abkuerzung": "SGK-NR",
            "kommission2": "Kommission f\u00fcr soziale Sicherheit und Gesundheit SR (SGK-SR)",
            "kommission2_name": "Kommission f\u00fcr soziale Sicherheit und Gesundheit SR",
            "kommission2_abkuerzung": "SGK-SR"
        },
        {
            "anzeige_name": "Spit\u00e4ler",
            "anzeige_name_mixed": "Spit\u00e4ler \/ H\u00f4pitaux",
            "id": 5,
            "name": "Spit\u00e4ler",
            "branche_id": 1,
            "beschreibung": "Spit\u00e4ler, Spitalorganisationen",
            "alias_namen": null,
            "isicv4": null,
            "wikipedia": null,
            "wikidata_qid": null,
            "freigabe_datum": "2014-09-16 00:00:00",
            "published": 1,
            "freigabe_datum_unix": 1410818400,
            "branche": "Gesundheit",
            "kommission_id": 1,
            "kommission1_id": 1,
            "kommission2_id": 47,
            "kommission1": "Kommission f\u00fcr soziale Sicherheit und Gesundheit NR (SGK-NR)",
            "kommission1_name": "Kommission f\u00fcr soziale Sicherheit und Gesundheit NR",
            "kommission1_abkuerzung": "SGK-NR",
            "kommission2": "Kommission f\u00fcr soziale Sicherheit und Gesundheit SR (SGK-SR)",
            "kommission2_name": "Kommission f\u00fcr soziale Sicherheit und Gesundheit SR",
            "kommission2_abkuerzung": "SGK-SR"
        },
        {
            "anzeige_name": "Patient:innen",
            "anzeige_name_mixed": "Patient:innen \/ Patient\u00b7e\u00b7x\u00b7s",
            "id": 6,
            "name": "Patient:innen",
            "branche_id": 1,
            "beschreibung": "Patientenorganisationen, Gesundheitskonsumenten",
            "alias_namen": null,
            "isicv4": null,
            "wikipedia": null,
            "wikidata_qid": null,
            "freigabe_datum": "2014-09-16 00:00:00",
            "published": 1,
            "freigabe_datum_unix": 1410818400,
            "branche": "Gesundheit",
            "kommission_id": 1,
            "kommission1_id": 1,
            "kommission2_id": 47,
            "kommission1": "Kommission f\u00fcr soziale Sicherheit und Gesundheit NR (SGK-NR)",
            "kommission1_name": "Kommission f\u00fcr soziale Sicherheit und Gesundheit NR",
            "kommission1_abkuerzung": "SGK-NR",
            "kommission2": "Kommission f\u00fcr soziale Sicherheit und Gesundheit SR (SGK-SR)",
            "kommission2_name": "Kommission f\u00fcr soziale Sicherheit und Gesundheit SR",
            "kommission2_abkuerzung": "SGK-SR"
        },
        {
            "anzeige_name": "Spitex",
            "anzeige_name_mixed": "Spitex \/ Spitex",
            "id": 7,
            "name": "Spitex",
            "branche_id": 1,
            "beschreibung": "Spitex, Spitexverb\u00e4nde und -Organisationen",
            "alias_namen": null,
            "isicv4": null,
            "wikipedia": null,
            "wikidata_qid": null,
            "freigabe_datum": "2014-09-16 00:00:00",
            "published": 1,
            "freigabe_datum_unix": 1410818400,
            "branche": "Gesundheit",
            "kommission_id": 1,
            "kommission1_id": 1,
            "kommission2_id": 47,
            "kommission1": "Kommission f\u00fcr soziale Sicherheit und Gesundheit NR (SGK-NR)",
            "kommission1_name": "Kommission f\u00fcr soziale Sicherheit und Gesundheit NR",
            "kommission1_abkuerzung": "SGK-NR",
            "kommission2": "Kommission f\u00fcr soziale Sicherheit und Gesundheit SR (SGK-SR)",
            "kommission2_name": "Kommission f\u00fcr soziale Sicherheit und Gesundheit SR",
            "kommission2_abkuerzung": "SGK-SR"
        },
        {
            "anzeige_name": "\u00d6ffentliches Gesundheitswesen",
            "anzeige_name_mixed": "\u00d6ffentliches Gesundheitswesen \/ Sant\u00e9 publique",
            "id": 8,
            "name": "\u00d6ffentliches Gesundheitswesen",
            "branche_id": 1,
            "beschreibung": "Gesundheitsdirektoren, Kantone, \u00f6ffentliche Gesundheitsorganisationen,Gesundheitsfinanzierer",
            "alias_namen": "\u00f6ffentliches Gesundheitswesen; Gesundheitsorganisationen; Gesundheitsdirektoren",
            "isicv4": null,
            "wikipedia": null,
            "wikidata_qid": null,
            "freigabe_datum": "2014-09-16 00:00:00",
            "published": 1,
            "freigabe_datum_unix": 1410818400,
            "branche": "Gesundheit",
            "kommission_id": 1,
            "kommission1_id": 1,
            "kommission2_id": 47,
            "kommission1": "Kommission f\u00fcr soziale Sicherheit und Gesundheit NR (SGK-NR)",
            "kommission1_name": "Kommission f\u00fcr soziale Sicherheit und Gesundheit NR",
            "kommission1_abkuerzung": "SGK-NR",
            "kommission2": "Kommission f\u00fcr soziale Sicherheit und Gesundheit SR (SGK-SR)",
            "kommission2_name": "Kommission f\u00fcr soziale Sicherheit und Gesundheit SR",
            "kommission2_abkuerzung": "SGK-SR"
        },
        {
            "anzeige_name": "Medizinaltechniken",
            "anzeige_name_mixed": "Medizinaltechniken \/ Techniques m\u00e9dicales",
            "id": 9,
            "name": "Medizinaltechniken",
            "branche_id": 1,
            "beschreibung": "Forschung, Handel, technische Hilfsmittel im Bereich Medizinaltechnik",
            "alias_namen": "Medizinaltechnik; Medizintechnik; H\u00fcftgelenke; Stents; Medtech; Implantate; Implantathersteller; Prothesen",
            "isicv4": null,
            "wikipedia": null,
            "wikidata_qid": null,
            "freigabe_datum": "2014-09-16 00:00:00",
            "published": 1,
            "freigabe_datum_unix": 1410818400,
            "branche": "Gesundheit",
            "kommission_id": 1,
            "kommission1_id": 1,
            "kommission2_id": 47,
            "kommission1": "Kommission f\u00fcr soziale Sicherheit und Gesundheit NR (SGK-NR)",
            "kommission1_name": "Kommission f\u00fcr soziale Sicherheit und Gesundheit NR",
            "kommission1_abkuerzung": "SGK-NR",
            "kommission2": "Kommission f\u00fcr soziale Sicherheit und Gesundheit SR (SGK-SR)",
            "kommission2_name": "Kommission f\u00fcr soziale Sicherheit und Gesundheit SR",
            "kommission2_abkuerzung": "SGK-SR"
        },
        {
            "anzeige_name": "Musik",
            "anzeige_name_mixed": "Musik \/ Musique",
            "id": 10,
            "name": "Musik",
            "branche_id": 8,
            "beschreibung": "Musiker, Produzenten etc, verschiedener Ausrichtung. zB. Rock- und Popmusik, Vereinigungen von K\u00fcnstlern in diesem Bereich. Auch Klassik; Orchester etc.",
            "alias_namen": "Rock; Pop; Musiker; Musikproduzenten; Jazz; Klassik; Volkst\u00fcmlich; Orchester; Band; Konzert; Konzertveranstalter; Openair;",
            "isicv4": null,
            "wikipedia": null,
            "wikidata_qid": null,
            "freigabe_datum": "2014-09-16 00:00:00",
            "published": 1,
            "freigabe_datum_unix": 1410818400,
            "branche": "Kultur",
            "kommission_id": 9,
            "kommission1_id": 9,
            "kommission2_id": 51,
            "kommission1": "Kommission f\u00fcr Wissenschaft, Bildung und Kultur NR (WBK-NR)",
            "kommission1_name": "Kommission f\u00fcr Wissenschaft, Bildung und Kultur NR",
            "kommission1_abkuerzung": "WBK-NR",
            "kommission2": "Kommission f\u00fcr Wissenschaft, Bildung und Kultur SR (WBK-SR)",
            "kommission2_name": "Kommission f\u00fcr Wissenschaft, Bildung und Kultur SR",
            "kommission2_abkuerzung": "WBK-SR"
        }
    ]
}