{
    "success": true,
    "count": 0,
    "message": "0 record(s) found",
    "sql": " |  | \n    SELECT person_mandate.*\n    \n    FROM v_person_mandate person_mandate\n    \n    WHERE person_mandate.person_id = 997  AND person_mandate.freigabe_datum < NOW() ; | \n    SELECT mandat_jahr.*\n    \n    FROM v_mandat_jahr mandat_jahr\n    \n    WHERE mandat_jahr.mandat_id = 5993  AND mandat_jahr.freigabe_datum < NOW() ORDER BY jahr DESC;",
    "source": "zutrittsberechtigung",
    "data": {
        "id": 1566,
        "anzeige_name": "Ackermann, Manuel",
        "name": "Manuel Ackermann",
        "nachname": "Ackermann",
        "vorname": "Manuel",
        "zweiter_vorname": null,
        "parlamentarier_kommissionen": "FinDel-V, FK-SR, SGK-SR, WAK-SR",
        "parlamentarier_kommissionen_zutrittsberechtigung": "FinDel-V, FK-SR, SGK-SR, WAK-SR",
        "beruf": "Betriebs\u00f6konom",
        "beruf_interessengruppe_id": 2,
        "partei_id": null,
        "geschlecht": "M",
        "arbeitssprache": "de",
        "email": "manuel.ackermann@santesuisse.ch",
        "homepage": null,
        "twitter_name": "ManuelAckerman2",
        "linkedin_profil_url": "https:\/\/www.linkedin.com\/in\/manuel-ackermann-05ab4a36\/?originalSubdomain=ch",
        "xing_profil_name": null,
        "facebook_name": "manuel.ackermann",
        "telephon_1": "+41 32 625 4154",
        "telephon_2": null,
        "erfasst": null,
        "eingabe_abgeschlossen_visa_person": "fabian",
        "eingabe_abgeschlossen_datum_person": "2022-06-23 15:30:20",
        "kontrolliert_visa_person": "Otto",
        "kontrolliert_datum_person": "2022-09-19 10:17:22",
        "freigabe_visa_person": "fabian",
        "freigabe_datum_person": "2022-12-02 00:00:00",
        "created_visa_person": "import",
        "created_date_person": "2022-05-06 22:08:03",
        "updated_visa_person": "otto*",
        "updated_date_person": "2024-03-26 14:34:34",
        "published_person": 1,
        "created_date_unix_person": 1651867683,
        "updated_date_unix_person": 1711460074,
        "eingabe_abgeschlossen_datum_unix_person": 1655991020,
        "kontrolliert_datum_unix_person": 1663575442,
        "freigabe_datum_unix_person": 1669935600,
        "parlamentarier_id": 317,
        "person_id": 997,
        "zutrittsberechtigung_id": 1566,
        "funktion": "Interessenvertreter\/in: sant\u00e9suisse",
        "von": "2024-03-01",
        "bis": null,
        "freigabe_datum": "2024-03-26 14:34:34",
        "updated_date": "2024-03-26 14:34:34",
        "published": 1,
        "bis_unix": null,
        "von_unix": 1709247600,
        "updated_date_unix": 1711460074,
        "freigabe_datum_unix": 1711460074,
        "beruf_branche_id": 1,
        "partei": null,
        "parlamentarier_name": "Hegglin, Peter",
        "parlamentarier_freigabe_datum": "2023-07-21 15:20:56",
        "parlamentarier_freigabe_datum_unix": 1689945656,
        "anzahl_mandat_tief": 0,
        "anzahl_mandat_mittel": 1,
        "anzahl_mandat_hoch": 1,
        "lobbyfaktor": 16,
        "lobbyfaktor_max": 219,
        "lobbyfaktor_percent_max": "0.073",
        "anzahl_mandat_tief_max": 22,
        "anzahl_mandat_mittel_max": 35,
        "anzahl_mandat_hoch_max": 7,
        "refreshed_date": "2024-10-18 14:08:05",
        "twitter_url": "https:\/\/twitter.com\/ManuelAckerman2",
        "facebook_url": "https:\/\/www.facebook.com\/manuel.ackermann",
        "beschreibung": "sant\u00e9suisse",
        "mandate": [
            {
                "organisation_name": "Schweizeriche Gesellschaft f\u00fcr Gesundheitspolitik SGGP",
                "name": "Schweizeriche Gesellschaft f\u00fcr Gesundheitspolitik SGGP",
                "ort": "Bern 8",
                "land_id": 191,
                "interessenraum_id": 1,
                "rechtsform": "Verein",
                "typ": "DachOrganisation,MitgliedsOrganisation,dezidierteLobby",
                "vernehmlassung": "punktuell",
                "interessengruppe_id": 3,
                "interessengruppe1_id": 3,
                "interessengruppe2_id": null,
                "interessengruppe3_id": null,
                "homepage": "http:\/\/www.sggp.ch\/index-de.php?frameset=7",
                "handelsregister_url": null,
                "twitter_name": null,
                "organisation_beschreibung": "Die SGGP\nwurde 1976 gegr\u00fcndet und hat sich seither als wichtigstes unabh\u00e4ngiges Forum in der schweizerischen Gesundheitspolitik etabliert. Die SGGP stellt allen gesundheitspolitisch interessierten Fachpersonen eine Plattform zur Verf\u00fcgung. Sie dient als Netzwerk f\u00fcr Gesundheitsprofis, die \u00fcber ihren Gartenzaun hinaus blicken und sich interdisziplin\u00e4r austauschen m\u00f6chten. Sie ist ein Think Tank und entwickelt laufend Ideen und Projekte zur Verbesserung des Gesundheitswesens.\n\nUnabh\u00e4ngig\nDie SGGP ist ein Verein und lebt von ihren rund 1100 Einzel- und Kollektivmitgliedern - finanziell wie auch inhaltlich. Sie bezieht keine Subventionen. Eventuelle Sponsoring-Partnerschaften bei Veranstaltungen und Publikationen erfolgen nach transparenten Kriterien.",
                "adresse_strasse": "Altenbergstrasse 29",
                "adresse_zusatz": "Postfach 686",
                "adresse_plz": null,
                "interessengruppe": "Gesundheit",
                "interessengruppe_branche": "Gesundheit",
                "interessengruppe_branche_id": 1,
                "interessengruppe1": "Gesundheit",
                "interessengruppe1_branche": "Gesundheit",
                "interessengruppe1_branche_id": 1,
                "interessengruppe2": null,
                "interessengruppe2_branche": null,
                "interessengruppe2_branche_id": null,
                "interessengruppe3": null,
                "interessengruppe3_branche": null,
                "interessengruppe3_branche_id": null,
                "land": "Schweiz",
                "interessenraum": "National (Schweiz)",
                "organisation_jahr_id": null,
                "jahr": null,
                "umsatz": null,
                "gewinn": null,
                "kapital": null,
                "mitarbeiter_weltweit": null,
                "mitarbeiter_schweiz": null,
                "geschaeftsbericht_url": null,
                "person_name": "Ackermann, Manuel",
                "anzeige_name": "5993, Ackermann, Manuel, Schweizeriche Gesellschaft f\u00fcr Gesundheitspolitik SGGP; Soci\u00e9t\u00e9 suisse pour la politique de la sant\u00e9 (SSPS); Societ\u00e0 svizzera per al politica della salute (SSPS), vorstand",
                "id": 5993,
                "person_id": 997,
                "organisation_id": 181,
                "art": "vorstand",
                "funktion_im_gremium": "mitglied",
                "hauptberuflich": 0,
                "beschreibung": null,
                "quelle_url": "https:\/\/www.sggp.ch\/ueber-die-sggp",
                "quelle_url_gueltig": null,
                "quelle": null,
                "von": null,
                "bis": null,
                "unterscheidung": null,
                "freigabe_datum": "2024-04-18 11:26:20",
                "updated_date": "2024-04-18 11:26:20",
                "aktiv": 1,
                "published": 1,
                "bis_unix": null,
                "von_unix": null,
                "updated_date_unix": 1713432380,
                "freigabe_datum_unix": 1713432380,
                "wirksamkeit": "hoch",
                "wirksamkeit_index": 3,
                "organisation_lobbyeinfluss": "sehr hoch",
                "refreshed_date": "2024-10-18 14:08:07",
                "verguetung": null,
                "verguetung_jahr": null,
                "verguetung_beschreibung": null,
                "verguetungen_einzeln": [],
                "verguetungen_jahr": {
                    "2020": null,
                    "2021": null,
                    "2022": null,
                    "2023": null,
                    "2024": null,
                    "2025": null
                },
                "verguetungen_pro_jahr": [
                    {
                        "jahr": "2020"
                    },
                    {
                        "jahr": "2021"
                    },
                    {
                        "jahr": "2022"
                    },
                    {
                        "jahr": "2023"
                    },
                    {
                        "jahr": "2024"
                    },
                    {
                        "jahr": "2025"
                    }
                ]
            },
            {
                "organisation_name": "sant\u00e9suisse",
                "name": "sant\u00e9suisse",
                "ort": "Solothurn",
                "land_id": 191,
                "interessenraum_id": 1,
                "rechtsform": "Verein",
                "typ": "DachOrganisation,dezidierteLobby",
                "vernehmlassung": "punktuell",
                "interessengruppe_id": 2,
                "interessengruppe1_id": 2,
                "interessengruppe2_id": null,
                "interessengruppe3_id": null,
                "homepage": "http:\/\/www.santesuisse.ch\/de\/dyn_output.html?content.void=3271&navid=121",
                "handelsregister_url": null,
                "twitter_name": "santesuisse",
                "organisation_beschreibung": "Wir sind die f\u00fchrende Branchenorganisation in der Schweizer Gesundheitspolitik.\nWir sind f\u00fcr die gesamte Branche der Krankenversicherer in allen Regionen der Schweiz repr\u00e4sentativ.\nWir vertreten 7,2 Millionen Versicherte.\nWir haben eine grosse gesundheitspolitische Sachkompetenz.",
                "adresse_strasse": "R\u00f6merstrasse 20",
                "adresse_zusatz": null,
                "adresse_plz": "4500",
                "interessengruppe": "Krankenkassen",
                "interessengruppe_branche": "Gesundheit",
                "interessengruppe_branche_id": 1,
                "interessengruppe1": "Krankenkassen",
                "interessengruppe1_branche": "Gesundheit",
                "interessengruppe1_branche_id": 1,
                "interessengruppe2": null,
                "interessengruppe2_branche": null,
                "interessengruppe2_branche_id": null,
                "interessengruppe3": null,
                "interessengruppe3_branche": null,
                "interessengruppe3_branche_id": null,
                "land": "Schweiz",
                "interessenraum": "National (Schweiz)",
                "organisation_jahr_id": null,
                "jahr": null,
                "umsatz": null,
                "gewinn": null,
                "kapital": null,
                "mitarbeiter_weltweit": null,
                "mitarbeiter_schweiz": null,
                "geschaeftsbericht_url": null,
                "person_name": "Ackermann, Manuel",
                "anzeige_name": "4865, Ackermann, Manuel, sant\u00e9suisse, taetig",
                "id": 4865,
                "person_id": 997,
                "organisation_id": 289,
                "art": "taetig",
                "funktion_im_gremium": null,
                "hauptberuflich": 1,
                "beschreibung": "Leiter Public Affairs",
                "quelle_url": "https:\/\/www.santesuisse.ch\/politik-medien\/kommunikation\/social-media\/",
                "quelle_url_gueltig": null,
                "quelle": null,
                "von": "2020-03-01",
                "bis": null,
                "unterscheidung": null,
                "freigabe_datum": "2022-12-02 00:00:00",
                "updated_date": "2022-12-02 20:45:42",
                "aktiv": 1,
                "published": 1,
                "bis_unix": null,
                "von_unix": 1583017200,
                "updated_date_unix": 1670010342,
                "freigabe_datum_unix": 1669935600,
                "wirksamkeit": "mittel",
                "wirksamkeit_index": 2,
                "organisation_lobbyeinfluss": "sehr hoch",
                "refreshed_date": "2024-10-18 14:08:07",
                "verguetung": null,
                "verguetung_jahr": null,
                "verguetung_beschreibung": null,
                "twitter_url": "https:\/\/twitter.com\/santesuisse"
            }
        ]
    }
}