{
    "success": true,
    "count": 10,
    "message": "10 record(s) found",
    "sql": "\n    SELECT  parlamentarier.id, parlament_number,vorname,nachname \n    \n    FROM v_parlamentarier parlamentarier\n    \n    WHERE 1   LIMIT 10 ;",
    "source": "parlamentarier",
    "data": [
        {
            "id": 1,
            "parlament_number": 2017,
            "vorname": "Christoph",
            "nachname": "Blocher"
        },
        {
            "id": 2,
            "parlament_number": 2272,
            "vorname": "Roland",
            "nachname": "Borer"
        },
        {
            "id": 3,
            "parlament_number": 2274,
            "vorname": "Toni",
            "nachname": "Bortoluzzi"
        },
        {
            "id": 4,
            "parlament_number": 2666,
            "vorname": "Marina",
            "nachname": "Carobbio Guscetti"
        },
        {
            "id": 5,
            "parlament_number": 2664,
            "vorname": "Ignazio",
            "nachname": "Cassis"
        },
        {
            "id": 6,
            "parlament_number": 2757,
            "vorname": "Thomas",
            "nachname": "de Courten"
        },
        {
            "id": 7,
            "parlament_number": 2455,
            "vorname": "Jacqueline",
            "nachname": "Fehr"
        },
        {
            "id": 8,
            "parlament_number": 2750,
            "vorname": "Sebastian",
            "nachname": "Frehner"
        },
        {
            "id": 9,
            "parlament_number": 2684,
            "vorname": "Yvonne",
            "nachname": "Gilli"
        },
        {
            "id": 10,
            "parlament_number": 2601,
            "vorname": "Bea",
            "nachname": "Heim"
        }
    ]
}