{
    "success": true,
    "count": 1,
    "message": "1 record(s) found",
    "sql": "\n    SELECT parlamentarier.*\n    \n    FROM v_parlamentarier parlamentarier\n    \n    WHERE 1   LIMIT 10 ;",
    "source": "parlamentarier",
    "data": [
        {
            "anzeige_name": "de Courten, Thomas",
            "name": "Thomas Jan de Courten",
            "id": 6,
            "nachname": "de Courten",
            "vorname": "Thomas",
            "vorname_kurz": null,
            "zweiter_vorname": "Jan",
            "buergerorte": "Sierre;Geschinen",
            "rat_id": 1,
            "kanton_id": 13,
            "kommissionen": "GPK-N, IK-NR, SGK-NR",
            "partei_id": 5,
            "parteifunktion": "mitglied",
            "fraktion_id": 5,
            "fraktionsfunktion": "mitglied",
            "im_rat_seit": "2011-12-05",
            "im_rat_bis": null,
            "ratswechsel": null,
            "ratsunterbruch_von": null,
            "ratsunterbruch_bis": null,
            "beruf": "Selbst\u00e4ndiger Unternehmer",
            "beruf_interessengruppe_id": 23,
            "titel": "Nationalrat",
            "aemter": "Legislative des Kantons: von M\u00e4rz 2003 bis Dezember 2011; Pr\u00e4sident Volkswirtschaftskommission und Gesundheitskommission des Landrates Basel-Landschaft; Parteivorstand SVP Schweiz; Parteileitung SVP Baselland; Vizepr\u00e4sident SVP Gelterkinden und Umgebung",
            "weitere_aemter": "Parteivorstand SVP Schweiz; Parteileitung SVP Baselland; Vizepr\u00e4sident SVP Gelterkinden und Umgebung",
            "zivilstand": "verheiratet",
            "anzahl_kinder": 3,
            "militaerischer_grad_id": 16,
            "geschlecht": "M",
            "geburtstag": "1966-07-29",
            "photo_dateiname": null,
            "photo_dateierweiterung": null,
            "photo_dateiname_voll": null,
            "photo_mime_type": null,
            "kleinbild": "2757.jpg",
            "sitzplatz": 54,
            "email": "Thomas.Decourten@parl.ch",
            "email_2": "thomas.decourten@parl.ch",
            "homepage": "https:\/\/www.decourten.info",
            "homepage_2": null,
            "parlament_biografie_id": 4051,
            "parlament_number": 2757,
            "parlament_beruf_json": [
                {
                    "bis": null,
                    "von": "2011-12-05",
                    "lang": "de",
                    "beruf": "Unternehmer\/in",
                    "jobtitel": null,
                    "arbeitgeber": null
                }
            ],
            "parlament_interessenbindungen_json": [
                {
                    "Name": "Autobus AG Liestal (AAGL), Liestal",
                    "Gremium": "VR",
                    "Funktion": "VP",
                    "Bezahlung": 1,
                    "Rechtsform": "AG",
                    "GremiumLong": "Verwaltungsrat",
                    "FunktionLong": "Vizepr\u00e4sident(in)",
                    "RechtsformLong": "Aktiengesellschaft"
                },
                {
                    "Name": "politcom, Agentur f\u00fcr politische Kommunikation und Public Affairs, R\u00fcnenberg",
                    "Gremium": "GL",
                    "Funktion": "Gf.",
                    "Bezahlung": 1,
                    "Rechtsform": "EG",
                    "GremiumLong": "Gesch\u00e4ftsleitung",
                    "FunktionLong": "Gesch\u00e4ftsf\u00fchrer(in)",
                    "RechtsformLong": "Einfache Gesellschaft"
                },
                {
                    "Name": "IG biomedizinische Forschung und Innovation",
                    "Gremium": "-",
                    "Funktion": "M",
                    "Bezahlung": 1,
                    "Rechtsform": "EG",
                    "GremiumLong": "Keine Angaben",
                    "FunktionLong": "Mitglied",
                    "RechtsformLong": "Einfache Gesellschaft"
                },
                {
                    "Name": "Raiffeisenbank Liestal-Oberbaselbiet, Liestal-Sissach-Gelterkinden",
                    "Gremium": "VR",
                    "Funktion": "VP",
                    "Bezahlung": 1,
                    "Rechtsform": "Gen.",
                    "GremiumLong": "Verwaltungsrat",
                    "FunktionLong": "Vizepr\u00e4sident(in)",
                    "RechtsformLong": "Genossenschaft"
                },
                {
                    "Name": "Elektra Baselland (EBL), Liestal",
                    "Gremium": "VR",
                    "Funktion": "VP",
                    "Bezahlung": 1,
                    "Rechtsform": "Gen.",
                    "GremiumLong": "Verwaltungsrat",
                    "FunktionLong": "Vizepr\u00e4sident(in)",
                    "RechtsformLong": "Genossenschaft"
                },
                {
                    "Name": "ASGA Pensionskasse",
                    "Gremium": "VR",
                    "Funktion": "M",
                    "Bezahlung": 1,
                    "Rechtsform": "Gen.",
                    "GremiumLong": "Verwaltungsrat",
                    "FunktionLong": "Mitglied",
                    "RechtsformLong": "Genossenschaft"
                },
                {
                    "Name": "Salex GmbH, R\u00fcnenberg",
                    "Gremium": "GL",
                    "Funktion": "Gs.",
                    "Bezahlung": 1,
                    "Rechtsform": "GmbH",
                    "GremiumLong": "Gesch\u00e4ftsleitung",
                    "FunktionLong": "Gesellschafter(in)",
                    "RechtsformLong": "Gesellschaft mit beschr\u00e4nkter Haftung"
                },
                {
                    "Name": "Stiftung Schweizerische Wildtierwarte, Niederg\u00f6sgen",
                    "Gremium": "Sr.",
                    "Funktion": "M",
                    "Bezahlung": 0,
                    "Rechtsform": "Stift.",
                    "GremiumLong": "Stiftungsrat",
                    "FunktionLong": "Mitglied",
                    "RechtsformLong": "Stiftung"
                },
                {
                    "Name": "Schweizer Paraplegiker-Stiftung, Nottwil",
                    "Gremium": "Bei.",
                    "Funktion": "M",
                    "Bezahlung": 1,
                    "Rechtsform": "Stift.",
                    "GremiumLong": "Beirat",
                    "FunktionLong": "Mitglied",
                    "RechtsformLong": "Stiftung"
                },
                {
                    "Name": "Vorsorgeforum",
                    "Gremium": "V",
                    "Funktion": "P",
                    "Bezahlung": 1,
                    "Rechtsform": "Ve.",
                    "GremiumLong": "Vorstand",
                    "FunktionLong": "Pr\u00e4sident(in)",
                    "RechtsformLong": "Verein"
                },
                {
                    "Name": "Intergenerika, Liestal",
                    "Gremium": "V",
                    "Funktion": "P",
                    "Bezahlung": 1,
                    "Rechtsform": "Ve.",
                    "GremiumLong": "Vorstand",
                    "FunktionLong": "Pr\u00e4sident(in)",
                    "RechtsformLong": "Verein"
                },
                {
                    "Name": "Komitee f\u00fcr ein selbst\u00e4ndiges Baselbiet",
                    "Gremium": "V",
                    "Funktion": "Co-Pr\u00e4s.",
                    "Bezahlung": 0,
                    "Rechtsform": "Ve.",
                    "GremiumLong": "Vorstand",
                    "FunktionLong": "Co-Pr\u00e4sident(in)",
                    "RechtsformLong": "Verein"
                },
                {
                    "Name": "Verband Schweiz. B\u00fcrgergemeinden und Korporationen",
                    "Gremium": "V",
                    "Funktion": "M",
                    "Bezahlung": 0,
                    "Rechtsform": "Ve.",
                    "GremiumLong": "Vorstand",
                    "FunktionLong": "Mitglied",
                    "RechtsformLong": "Verein"
                },
                {
                    "Name": "SPEDLOGSWISS, Basel",
                    "Gremium": "V",
                    "Funktion": "P",
                    "Bezahlung": 1,
                    "Rechtsform": "Ve.",
                    "GremiumLong": "Vorstand",
                    "FunktionLong": "Pr\u00e4sident(in)",
                    "RechtsformLong": "Verein"
                },
                {
                    "Name": "Suissedigital, Verband f\u00fcr Kommunikationsnetze, Bern (Parlamentarischer Beirat)",
                    "Gremium": "Bei.",
                    "Funktion": "M",
                    "Bezahlung": 0,
                    "Rechtsform": "Ve.",
                    "GremiumLong": "Beirat",
                    "FunktionLong": "Mitglied",
                    "RechtsformLong": "Verein"
                }
            ],
            "parlament_interessenbindungen_updated": "2023-11-17 22:07:41",
            "twitter_name": "thomasdecourten",
            "instagram_profil": null,
            "youtube_user": null,
            "linkedin_profil_url": "https:\/\/www.linkedin.com\/in\/thomas-de-courten-99b96256\/",
            "xing_profil_name": "Thomas_deCourten\/cv",
            "facebook_name": "thomas.decourten",
            "wikipedia": "https:\/\/de.wikipedia.org\/wiki\/Thomas_de_Courten",
            "wikidata_qid": "Q118493",
            "sprache": "de",
            "arbeitssprache": "de",
            "adresse_firma": null,
            "adresse_strasse": "Alteselweg 294",
            "adresse_zusatz": null,
            "adresse_plz": "4497",
            "adresse_ort": "R\u00fcnenberg",
            "bfs_gemeinde_nr": 2860,
            "telephon_1": "+41 61 552 56 93",
            "telephon_2": "+41 61 534 61 12",
            "erfasst": "Ja",
            "autorisierung_reminder_verschickt_visa": "fabian",
            "autorisierung_reminder_verschickt_datum": "2023-07-18 17:52:55",
            "freigabe_datum": "2023-08-28 14:32:15",
            "von": "2011-12-05",
            "bis": null,
            "aktiv": 1,
            "published": 1,
            "geburtstag_unix": null,
            "im_rat_seit_unix": 1323039600,
            "im_rat_bis_unix": null,
            "freigabe_datum_unix": 1693225935,
            "von_unix": 1323039600,
            "bis_unix": null,
            "vertretene_bevoelkerung": 41162,
            "rat": "NR",
            "kanton": "BL",
            "romandie": 0,
            "kommissionen_namen": "Gesch\u00e4ftspr\u00fcfungskommission NR (GPK-N); Immunit\u00e4tskommission NR (IK-NR); Kommission f\u00fcr soziale Sicherheit und Gesundheit NR (SGK-NR)",
            "kommissionen_abkuerzung": "GPK-N, IK-NR, SGK-NR",
            "kommissionen_anzahl": 3,
            "partei": "SVP",
            "partei_name": "Schweizerische Volkspartei",
            "fraktion": "V",
            "militaerischer_grad": "Oberleutnant",
            "beruf_branche_id": 9,
            "parlamentarier_id": 6,
            "anzahl_interessenbindungen": 32,
            "anzahl_hauptberufliche_interessenbindungen": 1,
            "anzahl_nicht_hauptberufliche_interessenbindungen": 31,
            "anzahl_abgelaufene_interessenbindungen": 12,
            "anzahl_interessenbindungen_alle": 44,
            "anzahl_erfasste_verguetungen": 15,
            "anzahl_erfasste_hauptberufliche_verguetungen": 1,
            "anzahl_erfasste_nicht_hauptberufliche_verguetungen": 14,
            "verguetungstransparenz_berechnet": "0.48",
            "verguetungstransparenz_berechnet_nicht_beruflich": "0.45",
            "verguetungstransparenz_berechnet_alle": "0.47",
            "verguetungstransparenz_beurteilung_stichdatum": null,
            "verguetungstransparenz_beurteilung": null,
            "anzahl_interessenbindung_tief": 24,
            "anzahl_interessenbindung_mittel": 7,
            "anzahl_interessenbindung_hoch": 1,
            "anzahl_interessenbindung_tief_nach_wahl": 20,
            "anzahl_interessenbindung_mittel_nach_wahl": 3,
            "anzahl_interessenbindung_hoch_nach_wahl": 1,
            "lobbyfaktor": 116,
            "lobbyfaktor_max": 252,
            "lobbyfaktor_percent_max": "0.460",
            "anzahl_interessenbindung_tief_max": 97,
            "anzahl_interessenbindung_mittel_max": 16,
            "anzahl_interessenbindung_hoch_max": 8,
            "ratstyp": "NR",
            "kanton_abkuerzung": "BL",
            "kleinbild_path": "\/..\/files\/parlamentarier_photos\/klein\/2757.jpg",
            "kleinbild_url": "http:\/\/127.0.0.1:8000\/..\/files\/parlamentarier_photos\/klein\/2757.jpg",
            "wikidata_item_url": "https:\/\/www.wikidata.org\/wiki\/Q118493",
            "parlament_biografie_url": "https:\/\/www.parlament.ch\/de\/biografie\/name\/4051",
            "twitter_url": "https:\/\/twitter.com\/thomasdecourten",
            "facebook_url": "https:\/\/www.facebook.com\/thomas.decourten",
            "kanton_name": "Basel-Landschaft"
        }
    ]
}