{
    "success": true,
    "count": 1,
    "message": "1 record(s) found",
    "sql": " |  | \n    SELECT organisation_beziehung.*\n    \n    FROM v_organisation_beziehung organisation_beziehung\n    \n    WHERE organisation_beziehung.organisation_id = 2 OR organisation_beziehung.ziel_organisation_id = 2  AND organisation_beziehung.freigabe_datum < NOW() ; | \n    SELECT organisation_parlamentarier.*\n    \n    FROM v_organisation_parlamentarier organisation_parlamentarier\n    \n    WHERE organisation_parlamentarier.organisation_id = 2  AND organisation_parlamentarier.freigabe_datum < NOW() ; | \n    SELECT organisation_zutrittsberechtigung.*\n    \n    FROM v_organisation_zutrittsberechtigung organisation_zutrittsberechtigung\n    \n    WHERE organisation_zutrittsberechtigung.organisation_id = 2  AND organisation_zutrittsberechtigung.freigabe_datum < NOW() ;",
    "source": "organisation",
    "data": {
        "anzeige_name": "ROBINVEST AG",
        "anzeige_mixed": "ROBINVEST AG",
        "anzeige_bimixed": "ROBINVEST AG",
        "searchable_name": "ROBINVEST AG; CHE-114.321.043",
        "name": "ROBINVEST AG",
        "id": "2",
        "uid": "CHE-114.321.043",
        "ehra_id": "910350",
        "ch_id": "CH02030324539",
        "in_handelsregister": "1",
        "inaktiv": "1",
        "ort": "Herrliberg",
        "land_id": "191",
        "interessenraum_id": null,
        "rechtsform": "AG",
        "rechtsform_handelsregister": "0106",
        "rechtsform_zefix": "3",
        "typ": "EinzelOrganisation",
        "vernehmlassung": "nie",
        "interessengruppe_id": "107",
        "interessengruppe2_id": null,
        "interessengruppe3_id": null,
        "ALT_branche_id": "9",
        "homepage": null,
        "handelsregister_url": "http:\/\/zh.powernet.ch\/webservices\/inet\/HRG\/HRG.asmx\/getHRGHTML?chnr=0203032453&amt=020&toBeModified=0&validOnly=0&lang=1&sort=0",
        "twitter_name": null,
        "instagram_profil": null,
        "youtube_user": null,
        "facebook_name": null,
        "linkedin_profil_url": null,
        "xing_profil_name": null,
        "beschreibung": "Die Gesellschaft bezweckt Beratung, Erbringen von Dienstleistungen im Bereiche Unternehmensf\u00fchrung und Durchf\u00fchrung von Finanzgesch\u00e4ften. Sie kann s\u00e4mtliche Gesch\u00e4fte t\u00e4tigen, welche mit dem Gesellschaftszweck direkt oder indirekt in Zusammenhang stehen und sich auch an anderen Unternehmen beteiligen. Die Gesellschaft kann \u00fcberdies Liegenschaften erwerben, verwalten und ver\u00e4ussern.",
        "sekretariat": null,
        "adresse_strasse": "W\u00e4ngirain 61",
        "adresse_zusatz": null,
        "adresse_plz": "8704",
        "bfs_gemeinde_nr": "152",
        "wikipedia": null,
        "wikidata_qid": null,
        "updated_by_import": null,
        "freigabe_datum": "2016-11-30 09:07:37",
        "updated_date": "2024-04-26 11:54:54",
        "organisation_name_de_rechtsform_uid_unique": "ROBINVEST AG_AG_CHE-114.321.043_1",
        "published": "1",
        "updated_date_unix": "1714125294",
        "freigabe_datum_unix": "1480493257",
        "interessengruppe": "Investmentgesellschaften",
        "interessengruppe_branche": "Wirtschaft",
        "interessengruppe_branche_id": "9",
        "interessengruppe_branche_kommission1_id": "11",
        "interessengruppe_branche_kommission1_abkuerzung": "WAK-NR",
        "interessengruppe_branche_kommission1_name": "Kommission f\u00fcr Wirtschaft und Abgaben NR",
        "interessengruppe_branche_kommission2_id": "52",
        "interessengruppe_branche_kommission2_abkuerzung": "WAK-SR",
        "interessengruppe_branche_kommission2_name": "Kommission f\u00fcr Wirtschaft und Abgaben SR",
        "interessengruppe1": "Investmentgesellschaften",
        "interessengruppe1_id": "107",
        "interessengruppe1_branche": "Wirtschaft",
        "interessengruppe1_branche_id": "9",
        "interessengruppe1_branche_kommission_abkuerzung": "WAK",
        "interessengruppe1_branche_kommissionen_abkuerzung": "WAK-NR \/ WAK-SR",
        "interessengruppe1_branche_kommission1_id": "11",
        "interessengruppe1_branche_kommission1_abkuerzung": "WAK-NR",
        "interessengruppe1_branche_kommission1_name": "Kommission f\u00fcr Wirtschaft und Abgaben NR",
        "interessengruppe1_branche_kommission2_id": "52",
        "interessengruppe1_branche_kommission2_abkuerzung": "WAK-SR",
        "interessengruppe1_branche_kommission2_name": "Kommission f\u00fcr Wirtschaft und Abgaben SR",
        "interessengruppe2": null,
        "interessengruppe2_branche": null,
        "interessengruppe2_branche_id": null,
        "interessengruppe2_branche_kommission_abkuerzung": null,
        "interessengruppe2_branche_kommissionen_abkuerzung": "",
        "interessengruppe2_branche_kommission1_id": null,
        "interessengruppe2_branche_kommission1_abkuerzung": null,
        "interessengruppe2_branche_kommission1_name": null,
        "interessengruppe2_branche_kommission2_id": null,
        "interessengruppe2_branche_kommission2_abkuerzung": null,
        "interessengruppe2_branche_kommission2_name": null,
        "interessengruppe3": null,
        "interessengruppe3_branche": null,
        "interessengruppe3_branche_id": null,
        "interessengruppe3_branche_kommission_abkuerzung": null,
        "interessengruppe3_branche_kommissionen_abkuerzung": "",
        "interessengruppe3_branche_kommission1_id": null,
        "interessengruppe3_branche_kommission1_abkuerzung": null,
        "interessengruppe3_branche_kommission1_name": null,
        "interessengruppe3_branche_kommission2_id": null,
        "interessengruppe3_branche_kommission2_abkuerzung": null,
        "interessengruppe3_branche_kommission2_name": null,
        "refreshed_date": "2024-10-18 14:07:02",
        "land": "Schweiz",
        "land_en": "Switzerland",
        "land_iso2": "CH",
        "land_iso3": "CHE",
        "interessenraum": null,
        "organisation_jahr_id": null,
        "jahr": null,
        "umsatz": null,
        "gewinn": null,
        "kapital": null,
        "mitarbeiter_weltweit": null,
        "mitarbeiter_schweiz": null,
        "geschaeftsbericht_url": null,
        "quelle_url": null,
        "anzahl_interessenbindung_tief": "1",
        "anzahl_interessenbindung_mittel": "0",
        "anzahl_interessenbindung_hoch": "0",
        "anzahl_interessenbindung_tief_nach_wahl": "0",
        "anzahl_interessenbindung_mittel_nach_wahl": "0",
        "anzahl_interessenbindung_hoch_nach_wahl": "0",
        "anzahl_mandat_tief": "0",
        "anzahl_mandat_mittel": "0",
        "anzahl_mandat_hoch": "0",
        "lobbyeinfluss": "tief",
        "lobbyeinfluss_index": "1",
        "abkuerzung": null,
        "alias_namen": null,
        "beziehungen": [],
        "parlamentarier": [],
        "zutrittsberechtigte": []
    }
}